--- 抓取時間: 2026-01-20 12:05:27 ---
--------- beginning of kernel
01-20 11:37:12.856   551   551 E i2c-4   : Failed to register i2c client  at 0x34 (-16)
01-20 11:37:12.857   551   551 E i2c-1   : Failed to register i2c client  at 0x24 (-16)
01-20 11:37:12.857   551   551 E i2c-4   : Failed to register i2c client  at 0x34 (-16)
01-20 11:37:12.883     1     1 E init    : Control message: Could not find 'aidl/android.system.keystore2.IKeystoreService/default' for ctl.interface_start from pid: 499 (/system/bin/servicemanager)
01-20 11:37:12.891     1     1 E init    : Control message: Could not find 'aidl/android.frameworks.stats.IStats/default' for ctl.interface_start from pid: 499 (/system/bin/servicemanager)
01-20 11:37:13.064   510   510 E logd    : FrameworkListener: read() failed (Connection reset by peer)
01-20 11:37:13.527     1     1 E libprocessgroup: Failed to write 1 to /sys/fs/cgroup/system/uid_0/pid_882/cgroup.kill: No such file or directory
01-20 11:37:13.527     1     1 E libprocessgroup: Failed to open /sys/fs/cgroup/system/uid_0/pid_882/cgroup.procs: No such file or directory
01-20 11:37:13.552     1     1 E libprocessgroup: Failed to write 1 to /sys/fs/cgroup/system/uid_1000/pid_555/cgroup.kill: No such file or directory
01-20 11:37:13.552     1     1 E libprocessgroup: Failed to open /sys/fs/cgroup/system/uid_1000/pid_555/cgroup.procs: No such file or directory
01-20 11:37:13.595   891   891 E         : WARNING: Unprivileged eBPF is enabled, data leaks possible via Spectre v2 BHB attacks!
01-20 11:37:13.611     1     1 E init    : Control message: Could not find 'aidl/android.frameworks.stats.IStats/default' for ctl.interface_start from pid: 499 (/system/bin/servicemanager)
01-20 11:37:14.117     1     1 E init    : Could not start service 'vendor.drm-widevine-hal-rikers' as part of class 'hal': Cannot find '/apex/com.google.android.widevine/bin/hw/android.hardware.drm-service.widevine-rikers': No such file or directory
01-20 11:37:14.126   931   931 E dhd_init_wlan_mem: WIFI MEM Allocated
01-20 11:37:14.129     1     1 E init    : Control message: Could not find 'aidl/power.stats-vendor' for ctl.interface_start from pid: 499 (/system/bin/servicemanager)
01-20 11:37:14.149     1     1 E init    : Control message: Could not find 'aidl/android.hardware.thermal.IThermal/default' for ctl.interface_start from pid: 499 (/system/bin/servicemanager)
01-20 11:37:14.150   370   370 E init    : Unable to set property 'ro.boot.wificountrycode' from uid:0 gid:0 pid:371: Read-only property was already set
01-20 11:37:14.158     1     1 E init    : Control message: Could not find 'aidl/vendor.google.wireless_charger.IWirelessCharger/default' for ctl.interface_start from pid: 499 (/system/bin/servicemanager)
01-20 11:37:14.192   998   998 E exynos-adv-tracer 18360000.exynos-adv_tracer: error return in ipc (2)
01-20 11:37:14.192   998   998 E etm2dram: etm2dram_cancel_delayed_start() ipc (channel=2) failed: -22
01-20 11:37:14.192   998   998 E exynos-adv-tracer 18360000.exynos-adv_tracer: error return in ipc (2)
01-20 11:37:14.192   998   998 E etm2dram: etm2dram_cancel_delayed_start() ipc (channel=2) failed: -22
01-20 11:37:14.192   998   998 E exynos-adv-tracer 18360000.exynos-adv_tracer: error return in ipc (2)
01-20 11:37:14.192   998   998 E etm2dram: etm2dram_delayed_start() ipc (channel=2) failed: -22
01-20 11:37:14.335   931   931 E logbuffer_pcie1: [  100] OC Initial Status check: 0x5FC(0xf0)
01-20 11:37:14.490   931   931 E dhd_plat_pcie_register_event(): Registered Event PCIe event pdev 00000000789a0e39
01-20 11:37:14.621     1     1 E init    : Control message: Could not find 'vendor.samsung_slsi.telephony.hardware.radioExternal@1.0::IOemSlsiRadioExternal/rilExternal' for ctl.interface_start from pid: 500 (/system/system_ext/bin/hwservicemanager)
01-20 11:37:14.621     1     1 E init    : Could not start service 'abox' as part of class 'late_start': Cannot find '/vendor/bin/main_abox': No such file or directory
01-20 11:37:14.729     1     1 E init    : Control message: Could not find 'vendor.samsung_slsi.telephony.hardware.radioExternal@1.0::IOemSlsiRadioExternal/rilExternal' for ctl.interface_start from pid: 500 (/system/system_ext/bin/hwservicemanager)
01-20 11:37:14.730     1     1 E init    : Control message: Could not find 'aidl/android.frameworks.stats.IStats/default' for ctl.interface_start from pid: 499 (/system/bin/servicemanager)
01-20 11:37:14.746     1     1 E init    : Control message: Could not find 'aidl/android.frameworks.stats.IStats/default' for ctl.interface_start from pid: 499 (/system/bin/servicemanager)
01-20 11:37:14.758    93    93 E         : brcm gps spi spi5.0: @ RX length is still read to 0. Set 0
01-20 11:37:14.770   370   370 E init    : Unable to set property 'telephony.ril.modem_bin_status' from uid:0 gid:0 pid:371: SELinux permission check failed
01-20 11:37:14.815  1156  1156 E cpif    : pcie_clean_dislink: Link is disconnected!!!
01-20 11:37:14.834     1     1 E init    : Control message: Could not find 'aidl/android.frameworks.sensorservice.ISensorManager/default' for ctl.interface_start from pid: 499 (/system/bin/servicemanager)
01-20 11:37:14.945     1     1 E init    : Control message: Could not find 'vendor.google.whitechapel.audio.audioext@4.0::IAudioExt/default' for ctl.interface_start from pid: 500 (/system/system_ext/bin/hwservicemanager)
01-20 11:37:14.946     1     1 E init    : Control message: Could not find 'vendor.google.whitechapel.audio.audioext@4.0::IAudioExt/default' for ctl.interface_start from pid: 500 (/system/system_ext/bin/hwservicemanager)
01-20 11:37:14.951     1     1 E init    : Control message: Could not find 'vendor.google.whitechapel.audio.audioext@4.0::IAudioExt/default' for ctl.interface_start from pid: 500 (/system/system_ext/bin/hwservicemanager)
01-20 11:37:14.951     1     1 E init    : Control message: Could not find 'vendor.google.whitechapel.audio.audioext@4.0::IAudioExt/default' for ctl.interface_start from pid: 500 (/system/system_ext/bin/hwservicemanager)
01-20 11:37:15.069  1156  1156 E logbuffer_pcie0: [  105] OC Initial Status check: 0x5FC(0xf0)
01-20 11:37:15.107     1     1 E init    : Control message: Could not find 'aidl/android.hardware.thermal.IThermal/default' for ctl.interface_start from pid: 499 (/system/bin/servicemanager)
01-20 11:37:15.132  1156  1156 E cpif    : s5100_poweron_pcie: DBG: MSI sfr not set up, yet(s5100_pdev is NULL)
01-20 11:37:15.135     0     0 E [    C0] cpif: shmem_enqueue_snapshot: PCIE: ERR! invalid intr 0x0
01-20 11:37:15.136     0     0 E [    C0] cpif: shmem_enqueue_snapshot: PCIE: ERR! invalid intr 0x0
01-20 11:37:15.240  1156  1156 E logbuffer_pcie0: [  108] cannot receive L23_READY DLLP packet(0x11)
01-20 11:37:15.332  1156  1156 E logbuffer_pcie0: [  109] OC Initial Status check: 0x5FC(0xf0)
01-20 11:37:15.446    86    86 E alsa    : of_parse_one_dai: fail to parse codec -517 for HAPTIC_RX Playback
01-20 11:37:15.446    86    86 E alsa    : aoc_snd_card_parse_of: fail to parse fai_link -517
01-20 11:37:15.447     1     1 E init    : Control message: Could not find 'aidl/android.frameworks.stats.IStats/default' for ctl.interface_start from pid: 499 (/system/bin/servicemanager)
01-20 11:37:15.448    86    86 E alsa    : of_parse_one_dai: fail to parse codec -517 for HAPTIC_RX Playback
01-20 11:37:15.448    86    86 E alsa    : aoc_snd_card_parse_of: fail to parse fai_link -517
01-20 11:37:15.450    86    86 E alsa    : of_parse_one_dai: fail to parse codec -517 for HAPTIC_RX Playback
01-20 11:37:15.450    86    86 E alsa    : aoc_snd_card_parse_of: fail to parse fai_link -517
01-20 11:37:15.451    86    86 E alsa    : of_parse_one_dai: fail to parse codec -517 for HAPTIC_RX Playback
01-20 11:37:15.451    86    86 E alsa    : aoc_snd_card_parse_of: fail to parse fai_link -517
01-20 11:37:15.614     1     1 E init    : Control message: Could not find 'aidl/android.frameworks.stats.IStats/default' for ctl.interface_start from pid: 499 (/system/bin/servicemanager)
01-20 11:37:15.789   280   280 E google_mitigation google,mitigation: setup Main PMIC meter done
01-20 11:37:15.789   280   280 E google_mitigation google,mitigation: setup Sub PMIC meter done
01-20 11:37:15.837     1     1 E init    : Control message: Could not find 'aidl/android.frameworks.sensorservice.ISensorManager/default' for ctl.interface_start from pid: 499 (/system/bin/servicemanager)
01-20 11:37:15.948     1     1 E init    : Control message: Could not find 'vendor.google.whitechapel.audio.audioext@4.0::IAudioExt/default' for ctl.interface_start from pid: 500 (/system/system_ext/bin/hwservicemanager)
01-20 11:37:15.952     1     1 E init    : Control message: Could not find 'vendor.google.whitechapel.audio.audioext@4.0::IAudioExt/default' for ctl.interface_start from pid: 500 (/system/system_ext/bin/hwservicemanager)
01-20 11:37:16.108     1     1 E init    : Control message: Could not find 'aidl/android.hardware.thermal.IThermal/default' for ctl.interface_start from pid: 499 (/system/bin/servicemanager)
01-20 11:37:16.308   957   957 E         : not support hac amp
01-20 11:37:16.365     1     1 E init    : Control message: Could not find 'aidl/android.frameworks.sensorservice.ISensorManager/default' for ctl.interface_start from pid: 499 (/system/bin/servicemanager)
01-20 11:37:16.479     1     1 E init    : Control message: Could not find 'vendor.google.whitechapel.audio.audioext@4.0::IAudioExt/default' for ctl.interface_start from pid: 500 (/system/system_ext/bin/hwservicemanager)
01-20 11:37:16.837     1     1 E init    : Control message: Could not find 'aidl/android.frameworks.sensorservice.ISensorManager/default' for ctl.interface_start from pid: 499 (/system/bin/servicemanager)
01-20 11:37:16.952     1     1 E init    : Control message: Could not find 'aidl/activity' for ctl.interface_start from pid: 499 (/system/bin/servicemanager)
01-20 11:37:17.212     1     1 E init    : Control message: Could not find 'aidl/sensor_privacy' for ctl.interface_start from pid: 499 (/system/bin/servicemanager)
01-20 11:37:17.367     1     1 E init    : Control message: Could not find 'aidl/android.frameworks.sensorservice.ISensorManager/default' for ctl.interface_start from pid: 499 (/system/bin/servicemanager)
01-20 11:37:18.010   690   690 E cpif    : cmd_init_start_handler: PCIE: LINK_ATTR_SBD_IPC is NOT set
01-20 11:37:18.013  1156  1156 E cpif    : mif_enable_irq: phone_active(#392) is already active <complete_normal_boot [cpif]>
01-20 11:37:18.013  1156  1156 E cpif    : mif_enable_irq: cp2ap_wakeup(#391) is already active <complete_normal_boot [cpif]>
01-20 11:37:18.015   370   370 E init    : Unable to set property 'telephony.ril.modem_bin_status' from uid:0 gid:0 pid:371: SELinux permission check failed
01-20 11:37:18.195     1     1 E init    : Control message: Could not find 'aidl/android.hardware.biometrics.fingerprint.IFingerprint/default' for ctl.interface_start from pid: 499 (/system/bin/servicemanager)
01-20 11:37:18.565  1043  1043 E logbuffer_pcie1: [  116] OC Initial Status check: 0x5FC(0xf0)
01-20 11:37:19.874   624   624 E exynos5-hsi2c 10970000.hsi2c: ack was not received at write
01-20 11:37:20.090  1054  1054 E cpif    : check_txq_space: PCIE: NOSPC FMT_TX{qsize:4096 in:1672 out:1712 space:39 len:2048}
01-20 11:37:20.092     0     0 E [    C1] cpif: check_txq_space: PCIE: NOSPC FMT_TX{qsize:4096 in:1672 out:1712 space:39 len:2048}
01-20 11:37:20.093     0     0 E [    C1] cpif: check_txq_space: PCIE: NOSPC FMT_TX{qsize:4096 in:1632 out:1672 space:39 len:2048}
01-20 11:37:20.094     0     0 E [    C1] cpif: check_txq_space: PCIE: NOSPC FMT_TX{qsize:4096 in:1592 out:1632 space:39 len:2048}
01-20 11:37:20.095     0     0 E [    C1] cpif: check_txq_space: PCIE: NOSPC FMT_TX{qsize:4096 in:1552 out:1592 space:39 len:2048}
01-20 11:37:20.096     0     0 E [    C1] cpif: check_txq_space: PCIE: NOSPC FMT_TX{qsize:4096 in:1512 out:1552 space:39 len:2048}
01-20 11:37:20.097     0     0 E [    C1] cpif: check_txq_space: PCIE: NOSPC FMT_TX{qsize:4096 in:1472 out:1512 space:39 len:2048}
01-20 11:37:20.098     0     0 E [    C1] cpif: check_txq_space: PCIE: NOSPC FMT_TX{qsize:4096 in:1432 out:1472 space:39 len:2048}
01-20 11:37:20.099     0     0 E [    C1] cpif: check_txq_space: PCIE: NOSPC FMT_TX{qsize:4096 in:1392 out:1432 space:39 len:2048}
01-20 11:37:20.100     0     0 E [    C1] cpif: check_txq_space: PCIE: NOSPC FMT_TX{qsize:4096 in:1352 out:1392 space:39 len:2048}
--------- beginning of system
01-20 11:37:22.095  1423  1863 E AppOps  : attributionTag VCN not declared in manifest of android
01-20 11:37:22.145    86    86 E logbuffer_pcie0: [  119] OC Initial Status check: 0x5FC(0xf0)
01-20 11:37:23.378    86    86 E logbuffer_pcie0: [  122] OC Initial Status check: 0x5FC(0xf0)
01-20 11:37:24.263    86    86 E logbuffer_pcie0: [  125] OC Initial Status check: 0x5FC(0xf0)
01-20 11:37:25.594    10    10 E logbuffer_pcie0: [  128] OC Initial Status check: 0x5FC(0xf0)
01-20 11:37:25.674   893   932 E NetlinkEvent: NetlinkEvent::FindParam(): Parameter 'INTERFACE' not found
01-20 11:37:25.674   893   932 E NetlinkEvent: NetlinkEvent::FindParam(): Parameter 'STATE' not found
01-20 11:37:25.674   893   932 E NetlinkEvent: NetlinkEvent::FindParam(): Parameter 'TIME_NS' not found
01-20 11:37:25.674   893   932 E NetlinkEvent: NetlinkEvent::FindParam(): Parameter 'UID' not found
01-20 11:37:11.152    10    10 E logbuffer_pcie0: [  131] OC Initial Status check: 0x5FC(0xf0)
01-20 11:37:12.649     1     1 E libprocessgroup: Failed to write 1 to /sys/fs/cgroup/system/uid_1000/pid_1129/cgroup.kill: No such file or directory
01-20 11:37:12.649     1     1 E libprocessgroup: Failed to open /sys/fs/cgroup/system/uid_1000/pid_1129/cgroup.procs: No such file or directory
01-20 11:37:12.665    86    86 E logbuffer_pcie0: [  134] OC Initial Status check: 0x5FC(0xf0)
01-20 11:37:12.749  1116  1116 E logbuffer_pcie1: [  137] OC Initial Status check: 0x5FC(0xf0)
01-20 11:37:12.960    86    86 E logbuffer_pcie0: [  140] OC Initial Status check: 0x5FC(0xf0)
01-20 11:37:14.430   998   998 E exynos-adv-tracer 18360000.exynos-adv_tracer: error return in ipc (2)
01-20 11:37:14.430   998   998 E etm2dram: etm2dram_delayed_start() ipc (channel=2) failed: -22
01-20 11:37:15.112  1116  1116 E logbuffer_pcie1: [  143] OC Initial Status check: 0x5FC(0xf0)
01-20 11:37:15.223    10    10 E logbuffer_pcie0: [  146] OC Initial Status check: 0x5FC(0xf0)
01-20 11:37:15.933   200   200 E logbuffer_pcie0: [  149] OC Initial Status check: 0x5FC(0xf0)
01-20 11:37:16.127  2710  2710 E exynos5-hsi2c 10970000.hsi2c: ack was not received at write
01-20 11:37:16.127  2710  2710 E st21nfc i2c-st21nfc: i2c_master_send returned -6
01-20 11:37:19.189   200   200 E logbuffer_pcie0: [  152] OC Initial Status check: 0x5FC(0xf0)
01-20 11:37:23.718  1116  1116 E logbuffer_pcie1: [  155] OC Initial Status check: 0x5FC(0xf0)
01-20 11:37:25.002     1     1 E libprocessgroup: Failed to write 1 to /sys/fs/cgroup/system/uid_1000/pid_3430/cgroup.kill: No such file or directory
01-20 11:37:25.002     1     1 E libprocessgroup: Failed to open /sys/fs/cgroup/system/uid_1000/pid_3430/cgroup.procs: No such file or directory
01-20 11:37:25.936   200   200 E logbuffer_pcie0: [  158] OC Initial Status check: 0x5FC(0xf0)
01-20 11:37:29.431   998   998 E exynos-adv-tracer 18360000.exynos-adv_tracer: error return in ipc (2)
01-20 11:37:29.431   998   998 E etm2dram: etm2dram_delayed_start() ipc (channel=2) failed: -22
01-20 11:37:31.972   200   200 E logbuffer_pcie0: [  161] OC Initial Status check: 0x5FC(0xf0)
01-20 11:37:36.757   200   200 E logbuffer_pcie0: [  164] OC Initial Status check: 0x5FC(0xf0)
01-20 11:37:38.814   200   200 E logbuffer_pcie0: [  167] OC Initial Status check: 0x5FC(0xf0)
01-20 11:37:42.990    10    10 E logbuffer_pcie0: [  170] OC Initial Status check: 0x5FC(0xf0)
01-20 11:37:44.433   998   998 E exynos-adv-tracer 18360000.exynos-adv_tracer: error return in ipc (2)
01-20 11:37:44.433   998   998 E etm2dram: etm2dram_delayed_start() ipc (channel=2) failed: -22
01-20 11:37:48.562    10    10 E logbuffer_pcie0: [  173] OC Initial Status check: 0x5FC(0xf0)
01-20 11:37:53.548    86    86 E logbuffer_pcie0: [  176] OC Initial Status check: 0x5FC(0xf0)
01-20 11:37:53.601  1054  1054 E cpif    : check_txq_space: PCIE: NOSPC FMT_TX{qsize:4096 in:3688 out:3728 space:39 len:2048}
01-20 11:37:53.602     0     0 E [    C2] cpif: check_txq_space: PCIE: NOSPC FMT_TX{qsize:4096 in:3648 out:3688 space:39 len:2048}
01-20 11:37:53.604     0     0 E [    C2] cpif: check_txq_space: PCIE: NOSPC FMT_TX{qsize:4096 in:3608 out:3648 space:39 len:2048}
01-20 11:37:53.605     0     0 E [    C2] cpif: check_txq_space: PCIE: NOSPC FMT_TX{qsize:4096 in:3608 out:3648 space:39 len:2048}
01-20 11:37:53.606     0     0 E [    C2] cpif: check_txq_space: PCIE: NOSPC FMT_TX{qsize:4096 in:3568 out:3608 space:39 len:1800}
01-20 11:37:53.807  1116  1116 E logbuffer_pcie1: [  179] OC Initial Status check: 0x5FC(0xf0)
01-20 11:37:54.071   200   200 E logbuffer_pcie0: [  182] OC Initial Status check: 0x5FC(0xf0)
01-20 11:37:54.547  1423  2013 E AppOps  : attributionTag UwbCountryCode not declared in manifest of android
01-20 11:37:55.150    86    86 E logbuffer_pcie0: [  185] OC Initial Status check: 0x5FC(0xf0)
01-20 11:37:59.377   200   200 E logbuffer_pcie0: [  188] OC Initial Status check: 0x5FC(0xf0)
01-20 11:37:59.419   893   932 E NetlinkEvent: NetlinkEvent::FindParam(): Parameter 'INTERFACE' not found
01-20 11:37:59.419   893   932 E NetlinkEvent: NetlinkEvent::FindParam(): Parameter 'STATE' not found
01-20 11:37:59.419   893   932 E NetlinkEvent: NetlinkEvent::FindParam(): Parameter 'TIME_NS' not found
01-20 11:37:59.419   893   932 E NetlinkEvent: NetlinkEvent::FindParam(): Parameter 'UID' not found
01-20 11:37:59.433   998   998 E exynos-adv-tracer 18360000.exynos-adv_tracer: error return in ipc (2)
01-20 11:37:59.433   998   998 E etm2dram: etm2dram_delayed_start() ipc (channel=2) failed: -22
01-20 11:38:03.768  1116  1116 E logbuffer_pcie1: [  191] OC Initial Status check: 0x5FC(0xf0)
01-20 11:38:04.748  1780  1780 E st21nfc i2c-st21nfc: Error: Switched from IDLE to IDLE!: 10fd1, ntf=0
01-20 11:38:07.303    10    10 E logbuffer_pcie0: [  194] OC Initial Status check: 0x5FC(0xf0)
01-20 11:38:08.865    10    10 E logbuffer_pcie0: [  197] OC Initial Status check: 0x5FC(0xf0)
01-20 11:38:12.705  1116  1116 E logbuffer_pcie1: [  200] OC Initial Status check: 0x5FC(0xf0)
01-20 11:38:12.848    10    10 E logbuffer_pcie0: [  203] OC Initial Status check: 0x5FC(0xf0)
01-20 11:38:14.434   998   998 E exynos-adv-tracer 18360000.exynos-adv_tracer: error return in ipc (2)
01-20 11:38:14.434   998   998 E etm2dram: etm2dram_delayed_start() ipc (channel=2) failed: -22
01-20 11:38:28.422    86    86 E logbuffer_pcie0: [  206] OC Initial Status check: 0x5FC(0xf0)
01-20 11:38:29.435   998   998 E exynos-adv-tracer 18360000.exynos-adv_tracer: error return in ipc (2)
01-20 11:38:29.435   998   998 E etm2dram: etm2dram_delayed_start() ipc (channel=2) failed: -22
01-20 11:38:30.318    86    86 E logbuffer_pcie0: [  209] OC Initial Status check: 0x5FC(0xf0)
01-20 11:38:35.773    86    86 E logbuffer_pcie0: [  212] OC Initial Status check: 0x5FC(0xf0)
01-20 11:38:35.842  1116  1116 E logbuffer_pcie1: [  215] OC Initial Status check: 0x5FC(0xf0)
01-20 11:38:36.362    86    86 E logbuffer_pcie0: [  218] OC Initial Status check: 0x5FC(0xf0)
01-20 11:38:36.529    86    86 E logbuffer_pcie0: [  221] OC Initial Status check: 0x5FC(0xf0)
01-20 11:38:36.899    86    86 E logbuffer_pcie0: [  224] OC Initial Status check: 0x5FC(0xf0)
01-20 11:38:37.450    10    10 E logbuffer_pcie0: [  227] OC Initial Status check: 0x5FC(0xf0)
01-20 11:38:44.436   998   998 E exynos-adv-tracer 18360000.exynos-adv_tracer: error return in ipc (2)
01-20 11:38:44.437   998   998 E etm2dram: etm2dram_delayed_start() ipc (channel=2) failed: -22
01-20 11:38:46.984    10    10 E logbuffer_pcie0: [  230] OC Initial Status check: 0x5FC(0xf0)
01-20 11:38:59.438   998   998 E exynos-adv-tracer 18360000.exynos-adv_tracer: error return in ipc (2)
01-20 11:38:59.438   998   998 E etm2dram: etm2dram_delayed_start() ipc (channel=2) failed: -22
01-20 11:39:04.665  1780  1780 E st21nfc i2c-st21nfc: Error: Switched from IDLE to IDLE!: 1f9de, ntf=0
01-20 11:39:08.744   200   200 E logbuffer_pcie0: [  233] OC Initial Status check: 0x5FC(0xf0)
01-20 11:39:12.956   200   200 E logbuffer_pcie0: [  236] OC Initial Status check: 0x5FC(0xf0)
01-20 11:39:14.439   998   998 E exynos-adv-tracer 18360000.exynos-adv_tracer: error return in ipc (2)
01-20 11:39:14.439   998   998 E etm2dram: etm2dram_delayed_start() ipc (channel=2) failed: -22
01-20 11:39:29.441   998   998 E exynos-adv-tracer 18360000.exynos-adv_tracer: error return in ipc (2)
01-20 11:39:29.441   998   998 E etm2dram: etm2dram_delayed_start() ipc (channel=2) failed: -22
01-20 11:39:29.859   200   200 E logbuffer_pcie0: [  239] OC Initial Status check: 0x5FC(0xf0)
01-20 11:39:36.926   200   200 E logbuffer_pcie0: [  242] OC Initial Status check: 0x5FC(0xf0)
01-20 11:39:44.442   998   998 E exynos-adv-tracer 18360000.exynos-adv_tracer: error return in ipc (2)
01-20 11:39:44.442   998   998 E etm2dram: etm2dram_delayed_start() ipc (channel=2) failed: -22
01-20 11:39:45.860   200   200 E logbuffer_pcie0: [  245] OC Initial Status check: 0x5FC(0xf0)
01-20 11:39:59.443   998   998 E exynos-adv-tracer 18360000.exynos-adv_tracer: error return in ipc (2)
01-20 11:39:59.443   998   998 E etm2dram: etm2dram_delayed_start() ipc (channel=2) failed: -22
01-20 11:40:07.285  1116  1116 E logbuffer_pcie1: [  248] OC Initial Status check: 0x5FC(0xf0)
01-20 11:40:07.372   200   200 E logbuffer_pcie0: [  251] OC Initial Status check: 0x5FC(0xf0)
01-20 11:40:14.444   998   998 E exynos-adv-tracer 18360000.exynos-adv_tracer: error return in ipc (2)
01-20 11:40:14.444   998   998 E etm2dram: etm2dram_delayed_start() ipc (channel=2) failed: -22
01-20 11:40:28.744    10    10 E logbuffer_pcie0: [  254] OC Initial Status check: 0x5FC(0xf0)
01-20 11:40:29.445   998   998 E exynos-adv-tracer 18360000.exynos-adv_tracer: error return in ipc (2)
01-20 11:40:29.446   998   998 E etm2dram: etm2dram_delayed_start() ipc (channel=2) failed: -22
01-20 11:40:44.447   998   998 E exynos-adv-tracer 18360000.exynos-adv_tracer: error return in ipc (2)
01-20 11:40:44.447   998   998 E etm2dram: etm2dram_delayed_start() ipc (channel=2) failed: -22
01-20 11:40:50.504    86    86 E logbuffer_pcie0: [  257] OC Initial Status check: 0x5FC(0xf0)
01-20 11:40:59.447   998   998 E exynos-adv-tracer 18360000.exynos-adv_tracer: error return in ipc (2)
01-20 11:40:59.447   998   998 E etm2dram: etm2dram_delayed_start() ipc (channel=2) failed: -22
01-20 11:41:04.470  1779  1779 E st21nfc i2c-st21nfc: Error: Switched from IDLE to IDLE!: 3cddc, ntf=0
01-20 11:41:12.265    10    10 E logbuffer_pcie0: [  260] OC Initial Status check: 0x5FC(0xf0)
01-20 11:41:14.448   998   998 E exynos-adv-tracer 18360000.exynos-adv_tracer: error return in ipc (2)
01-20 11:41:14.449   998   998 E etm2dram: etm2dram_delayed_start() ipc (channel=2) failed: -22
01-20 11:41:21.112    10    10 E logbuffer_pcie0: [  263] OC Initial Status check: 0x5FC(0xf0)
01-20 11:41:29.450   998   998 E exynos-adv-tracer 18360000.exynos-adv_tracer: error return in ipc (2)
01-20 11:41:29.450   998   998 E etm2dram: etm2dram_delayed_start() ipc (channel=2) failed: -22
01-20 11:41:33.386   200   200 E logbuffer_pcie0: [  266] OC Initial Status check: 0x5FC(0xf0)
01-20 11:41:44.451   998   998 E exynos-adv-tracer 18360000.exynos-adv_tracer: error return in ipc (2)
01-20 11:41:44.451   998   998 E etm2dram: etm2dram_delayed_start() ipc (channel=2) failed: -22
01-20 11:41:55.148   200   200 E logbuffer_pcie0: [  273] OC Initial Status check: 0x5FC(0xf0)
01-20 11:41:59.453   998   998 E exynos-adv-tracer 18360000.exynos-adv_tracer: error return in ipc (2)
01-20 11:41:59.453   998   998 E etm2dram: etm2dram_delayed_start() ipc (channel=2) failed: -22
01-20 11:42:04.375  1779  1779 E st21nfc i2c-st21nfc: Error: Switched from IDLE to IDLE!: 4b7dc, ntf=0
01-20 11:42:13.816  1116  1116 E logbuffer_pcie1: [  276] OC Initial Status check: 0x5FC(0xf0)
01-20 11:42:14.454   998   998 E exynos-adv-tracer 18360000.exynos-adv_tracer: error return in ipc (2)
01-20 11:42:14.454   998   998 E etm2dram: etm2dram_delayed_start() ipc (channel=2) failed: -22
01-20 11:42:16.906    86    86 E logbuffer_pcie0: [  279] OC Initial Status check: 0x5FC(0xf0)
01-20 11:42:29.455   998   998 E exynos-adv-tracer 18360000.exynos-adv_tracer: error return in ipc (2)
01-20 11:42:29.455   998   998 E etm2dram: etm2dram_delayed_start() ipc (channel=2) failed: -22
01-20 11:42:38.666    86    86 E logbuffer_pcie0: [  282] OC Initial Status check: 0x5FC(0xf0)
01-20 11:42:44.456   998   998 E exynos-adv-tracer 18360000.exynos-adv_tracer: error return in ipc (2)
01-20 11:42:44.457   998   998 E etm2dram: etm2dram_delayed_start() ipc (channel=2) failed: -22
01-20 11:42:59.457   998   998 E exynos-adv-tracer 18360000.exynos-adv_tracer: error return in ipc (2)
01-20 11:42:59.458   998   998 E etm2dram: etm2dram_delayed_start() ipc (channel=2) failed: -22
01-20 11:43:00.427   200   200 E logbuffer_pcie0: [  285] OC Initial Status check: 0x5FC(0xf0)
01-20 11:43:04.282  1777  1777 E st21nfc i2c-st21nfc: Error: Switched from IDLE to IDLE!: 5a1e0, ntf=0
01-20 11:43:14.459   998   998 E exynos-adv-tracer 18360000.exynos-adv_tracer: error return in ipc (2)
01-20 11:43:14.459   998   998 E etm2dram: etm2dram_delayed_start() ipc (channel=2) failed: -22
01-20 11:43:22.188    10    10 E logbuffer_pcie0: [  288] OC Initial Status check: 0x5FC(0xf0)
01-20 11:43:29.460   998   998 E exynos-adv-tracer 18360000.exynos-adv_tracer: error return in ipc (2)
01-20 11:43:29.460   998   998 E etm2dram: etm2dram_delayed_start() ipc (channel=2) failed: -22
01-20 11:43:43.948   200   200 E logbuffer_pcie0: [  291] OC Initial Status check: 0x5FC(0xf0)
01-20 11:43:44.461   998   998 E exynos-adv-tracer 18360000.exynos-adv_tracer: error return in ipc (2)
01-20 11:43:44.461   998   998 E etm2dram: etm2dram_delayed_start() ipc (channel=2) failed: -22
01-20 11:43:59.462   998   998 E exynos-adv-tracer 18360000.exynos-adv_tracer: error return in ipc (2)
01-20 11:43:59.462   998   998 E etm2dram: etm2dram_delayed_start() ipc (channel=2) failed: -22
01-20 11:44:04.194  1777  1777 E st21nfc i2c-st21nfc: Error: Switched from IDLE to IDLE!: 68be7, ntf=0
01-20 11:44:05.708    10    10 E logbuffer_pcie0: [  294] OC Initial Status check: 0x5FC(0xf0)
01-20 11:44:14.463   998   998 E exynos-adv-tracer 18360000.exynos-adv_tracer: error return in ipc (2)
01-20 11:44:14.463   998   998 E etm2dram: etm2dram_delayed_start() ipc (channel=2) failed: -22
01-20 11:44:27.468    10    10 E logbuffer_pcie0: [  297] OC Initial Status check: 0x5FC(0xf0)
01-20 11:44:29.465   998   998 E exynos-adv-tracer 18360000.exynos-adv_tracer: error return in ipc (2)
01-20 11:44:29.465   998   998 E etm2dram: etm2dram_delayed_start() ipc (channel=2) failed: -22
01-20 11:44:44.466   998   998 E exynos-adv-tracer 18360000.exynos-adv_tracer: error return in ipc (2)
01-20 11:44:44.466   998   998 E etm2dram: etm2dram_delayed_start() ipc (channel=2) failed: -22
01-20 11:44:49.230  3627  3627 E logbuffer_pcie0: [  300] OC Initial Status check: 0x5FC(0xf0)
01-20 11:44:59.468   998   998 E exynos-adv-tracer 18360000.exynos-adv_tracer: error return in ipc (2)
01-20 11:44:59.468   998   998 E etm2dram: etm2dram_delayed_start() ipc (channel=2) failed: -22
01-20 11:45:04.110  1777  1777 E st21nfc i2c-st21nfc: Error: Switched from IDLE to IDLE!: 775f3, ntf=0
01-20 11:45:10.989   200   200 E logbuffer_pcie0: [  303] OC Initial Status check: 0x5FC(0xf0)
01-20 11:45:14.469   998   998 E exynos-adv-tracer 18360000.exynos-adv_tracer: error return in ipc (2)
01-20 11:45:14.469   998   998 E etm2dram: etm2dram_delayed_start() ipc (channel=2) failed: -22
01-20 11:45:16.111  1116  1116 E logbuffer_pcie1: [  306] OC Initial Status check: 0x5FC(0xf0)
01-20 11:45:29.470   998   998 E exynos-adv-tracer 18360000.exynos-adv_tracer: error return in ipc (2)
01-20 11:45:29.470   998   998 E etm2dram: etm2dram_delayed_start() ipc (channel=2) failed: -22
01-20 11:45:32.749    10    10 E logbuffer_pcie0: [  309] OC Initial Status check: 0x5FC(0xf0)
01-20 11:45:37.290    10    10 E logbuffer_pcie0: [  312] OC Initial Status check: 0x5FC(0xf0)
01-20 11:45:44.471   998   998 E exynos-adv-tracer 18360000.exynos-adv_tracer: error return in ipc (2)
01-20 11:45:44.471   998   998 E etm2dram: etm2dram_delayed_start() ipc (channel=2) failed: -22
01-20 11:45:53.868  3627  3627 E logbuffer_pcie0: [  315] OC Initial Status check: 0x5FC(0xf0)
01-20 11:45:59.472   998   998 E exynos-adv-tracer 18360000.exynos-adv_tracer: error return in ipc (2)
01-20 11:45:59.472   998   998 E etm2dram: etm2dram_delayed_start() ipc (channel=2) failed: -22
01-20 11:46:04.036  1777  1777 E st21nfc i2c-st21nfc: Error: Switched from IDLE to IDLE!: 8600a, ntf=0
01-20 11:46:14.473   998   998 E exynos-adv-tracer 18360000.exynos-adv_tracer: error return in ipc (2)
01-20 11:46:14.473   998   998 E etm2dram: etm2dram_delayed_start() ipc (channel=2) failed: -22
01-20 11:46:15.629    10    10 E logbuffer_pcie0: [  318] OC Initial Status check: 0x5FC(0xf0)
01-20 11:46:29.474   998   998 E exynos-adv-tracer 18360000.exynos-adv_tracer: error return in ipc (2)
01-20 11:46:29.475   998   998 E etm2dram: etm2dram_delayed_start() ipc (channel=2) failed: -22
01-20 11:46:37.389  3627  3627 E logbuffer_pcie0: [  321] OC Initial Status check: 0x5FC(0xf0)
01-20 11:46:44.476   998   998 E exynos-adv-tracer 18360000.exynos-adv_tracer: error return in ipc (2)
01-20 11:46:44.476   998   998 E etm2dram: etm2dram_delayed_start() ipc (channel=2) failed: -22
01-20 11:46:59.149    10    10 E logbuffer_pcie0: [  324] OC Initial Status check: 0x5FC(0xf0)
01-20 11:46:59.477   998   998 E exynos-adv-tracer 18360000.exynos-adv_tracer: error return in ipc (2)
01-20 11:46:59.477   998   998 E etm2dram: etm2dram_delayed_start() ipc (channel=2) failed: -22
01-20 11:47:03.981  1777  1777 E st21nfc i2c-st21nfc: Error: Switched from IDLE to IDLE!: 94a33, ntf=0
01-20 11:47:14.478   998   998 E exynos-adv-tracer 18360000.exynos-adv_tracer: error return in ipc (2)
01-20 11:47:14.478   998   998 E etm2dram: etm2dram_delayed_start() ipc (channel=2) failed: -22
01-20 11:47:20.910    10    10 E logbuffer_pcie0: [  327] OC Initial Status check: 0x5FC(0xf0)
01-20 11:47:21.923  1116  1116 E logbuffer_pcie1: [  330] OC Initial Status check: 0x5FC(0xf0)
01-20 11:47:27.193  1116  1116 E logbuffer_pcie1: [  333] OC Initial Status check: 0x5FC(0xf0)
01-20 11:47:29.479   998   998 E exynos-adv-tracer 18360000.exynos-adv_tracer: error return in ipc (2)
01-20 11:47:29.479   998   998 E etm2dram: etm2dram_delayed_start() ipc (channel=2) failed: -22
01-20 11:47:30.065  1116  1116 E logbuffer_pcie1: [  336] OC Initial Status check: 0x5FC(0xf0)
01-20 11:47:32.494  1116  1116 E logbuffer_pcie1: [  339] OC Initial Status check: 0x5FC(0xf0)
01-20 11:47:36.994  3627  3627 E logbuffer_pcie0: [  342] OC Initial Status check: 0x5FC(0xf0)
01-20 11:47:39.501  1116  1116 E logbuffer_pcie1: [  345] OC Initial Status check: 0x5FC(0xf0)
01-20 11:47:42.031    10    10 E logbuffer_pcie0: [  348] OC Initial Status check: 0x5FC(0xf0)
01-20 11:47:44.480   998   998 E exynos-adv-tracer 18360000.exynos-adv_tracer: error return in ipc (2)
01-20 11:47:44.480   998   998 E etm2dram: etm2dram_delayed_start() ipc (channel=2) failed: -22
01-20 11:47:44.603  1116  1116 E logbuffer_pcie1: [  351] OC Initial Status check: 0x5FC(0xf0)
01-20 11:47:47.640  1116  1116 E logbuffer_pcie1: [  354] OC Initial Status check: 0x5FC(0xf0)
01-20 11:47:53.426  1116  1116 E logbuffer_pcie1: [  357] OC Initial Status check: 0x5FC(0xf0)
01-20 11:47:58.683  1116  1116 E logbuffer_pcie1: [  360] OC Initial Status check: 0x5FC(0xf0)
01-20 11:47:59.481   998   998 E exynos-adv-tracer 18360000.exynos-adv_tracer: error return in ipc (2)
01-20 11:47:59.481   998   998 E etm2dram: etm2dram_delayed_start() ipc (channel=2) failed: -22
01-20 11:48:03.796  3627  3627 E logbuffer_pcie0: [  363] OC Initial Status check: 0x5FC(0xf0)
01-20 11:48:08.956   200   200 E logbuffer_pcie0: [  366] OC Initial Status check: 0x5FC(0xf0)
01-20 11:48:14.482   998   998 E exynos-adv-tracer 18360000.exynos-adv_tracer: error return in ipc (2)
01-20 11:48:14.482   998   998 E etm2dram: etm2dram_delayed_start() ipc (channel=2) failed: -22
01-20 11:48:25.550  3627  3627 E logbuffer_pcie0: [  369] OC Initial Status check: 0x5FC(0xf0)
01-20 11:48:29.483   998   998 E exynos-adv-tracer 18360000.exynos-adv_tracer: error return in ipc (2)
01-20 11:48:29.484   998   998 E etm2dram: etm2dram_delayed_start() ipc (channel=2) failed: -22
01-20 11:48:44.485   998   998 E exynos-adv-tracer 18360000.exynos-adv_tracer: error return in ipc (2)
01-20 11:48:44.485   998   998 E etm2dram: etm2dram_delayed_start() ipc (channel=2) failed: -22
01-20 11:48:47.312  3725  3725 E logbuffer_pcie0: [  372] OC Initial Status check: 0x5FC(0xf0)
01-20 11:48:54.759  1116  1116 E logbuffer_pcie1: [  375] OC Initial Status check: 0x5FC(0xf0)
01-20 11:48:59.486   998   998 E exynos-adv-tracer 18360000.exynos-adv_tracer: error return in ipc (2)
01-20 11:48:59.486   998   998 E etm2dram: etm2dram_delayed_start() ipc (channel=2) failed: -22
01-20 11:49:03.840  1777  1777 E st21nfc i2c-st21nfc: Error: Switched from IDLE to IDLE!: b1e66, ntf=0
01-20 11:49:09.072   200   200 E logbuffer_pcie0: [  378] OC Initial Status check: 0x5FC(0xf0)
01-20 11:49:14.487   998   998 E exynos-adv-tracer 18360000.exynos-adv_tracer: error return in ipc (2)
01-20 11:49:14.488   998   998 E etm2dram: etm2dram_delayed_start() ipc (channel=2) failed: -22
01-20 11:49:29.488   998   998 E exynos-adv-tracer 18360000.exynos-adv_tracer: error return in ipc (2)
01-20 11:49:29.489   998   998 E etm2dram: etm2dram_delayed_start() ipc (channel=2) failed: -22
01-20 11:49:30.834   200   200 E logbuffer_pcie0: [  381] OC Initial Status check: 0x5FC(0xf0)
01-20 11:49:44.391  1116  1116 E logbuffer_pcie1: [  384] OC Initial Status check: 0x5FC(0xf0)
01-20 11:49:44.490   998   998 E exynos-adv-tracer 18360000.exynos-adv_tracer: error return in ipc (2)
01-20 11:49:44.490   998   998 E etm2dram: etm2dram_delayed_start() ipc (channel=2) failed: -22
01-20 11:49:52.593  3725  3725 E logbuffer_pcie0: [  387] OC Initial Status check: 0x5FC(0xf0)
01-20 11:49:59.491   998   998 E exynos-adv-tracer 18360000.exynos-adv_tracer: error return in ipc (2)
01-20 11:49:59.491   998   998 E etm2dram: etm2dram_delayed_start() ipc (channel=2) failed: -22
01-20 11:50:03.765  1777  1777 E st21nfc i2c-st21nfc: Error: Switched from IDLE to IDLE!: c087b, ntf=0
01-20 11:50:14.353  3627  3627 E logbuffer_pcie0: [  394] OC Initial Status check: 0x5FC(0xf0)
01-20 11:50:14.491   998   998 E exynos-adv-tracer 18360000.exynos-adv_tracer: error return in ipc (2)
01-20 11:50:14.491   998   998 E etm2dram: etm2dram_delayed_start() ipc (channel=2) failed: -22
01-20 11:50:25.813  1116  1116 E logbuffer_pcie1: [  397] OC Initial Status check: 0x5FC(0xf0)
01-20 11:50:25.899  3725  3725 E logbuffer_pcie0: [  400] OC Initial Status check: 0x5FC(0xf0)
01-20 11:50:29.492   998   998 E exynos-adv-tracer 18360000.exynos-adv_tracer: error return in ipc (2)
01-20 11:50:29.493   998   998 E etm2dram: etm2dram_delayed_start() ipc (channel=2) failed: -22
01-20 11:50:35.473  3627  3627 E logbuffer_pcie0: [  403] OC Initial Status check: 0x5FC(0xf0)
01-20 11:50:44.494   998   998 E exynos-adv-tracer 18360000.exynos-adv_tracer: error return in ipc (2)
01-20 11:50:44.494   998   998 E etm2dram: etm2dram_delayed_start() ipc (channel=2) failed: -22
01-20 11:50:54.797  1116  1116 E logbuffer_pcie1: [  406] OC Initial Status check: 0x5FC(0xf0)
01-20 11:50:54.951   200   200 E logbuffer_pcie0: [  409] OC Initial Status check: 0x5FC(0xf0)
01-20 11:50:56.592  3627  3627 E logbuffer_pcie0: [  412] OC Initial Status check: 0x5FC(0xf0)
01-20 11:50:59.495   998   998 E exynos-adv-tracer 18360000.exynos-adv_tracer: error return in ipc (2)
01-20 11:50:59.495   998   998 E etm2dram: etm2dram_delayed_start() ipc (channel=2) failed: -22
01-20 11:51:03.698  3753  3753 E st21nfc i2c-st21nfc: Error: Switched from IDLE to IDLE!: cf298, ntf=0
01-20 11:51:14.496   998   998 E exynos-adv-tracer 18360000.exynos-adv_tracer: error return in ipc (2)
01-20 11:51:14.496   998   998 E etm2dram: etm2dram_delayed_start() ipc (channel=2) failed: -22
01-20 11:51:18.355  3725  3725 E logbuffer_pcie0: [  415] OC Initial Status check: 0x5FC(0xf0)
01-20 11:51:23.572  1116  1116 E logbuffer_pcie1: [  418] OC Initial Status check: 0x5FC(0xf0)
01-20 11:51:23.652   200   200 E logbuffer_pcie0: [  421] OC Initial Status check: 0x5FC(0xf0)
01-20 11:51:29.497   998   998 E exynos-adv-tracer 18360000.exynos-adv_tracer: error return in ipc (2)
01-20 11:51:29.497   998   998 E etm2dram: etm2dram_delayed_start() ipc (channel=2) failed: -22
01-20 11:51:30.095  1116  1116 E logbuffer_pcie1: [  424] OC Initial Status check: 0x5FC(0xf0)
01-20 11:51:30.261   200   200 E logbuffer_pcie0: [  427] OC Initial Status check: 0x5FC(0xf0)
01-20 11:51:38.836  3627  3627 E logbuffer_pcie0: [  430] OC Initial Status check: 0x5FC(0xf0)
01-20 11:51:44.498   998   998 E exynos-adv-tracer 18360000.exynos-adv_tracer: error return in ipc (2)
01-20 11:51:44.498   998   998 E etm2dram: etm2dram_delayed_start() ipc (channel=2) failed: -22
01-20 11:51:59.499   998   998 E exynos-adv-tracer 18360000.exynos-adv_tracer: error return in ipc (2)
01-20 11:51:59.499   998   998 E etm2dram: etm2dram_delayed_start() ipc (channel=2) failed: -22
01-20 11:52:00.594  3627  3627 E logbuffer_pcie0: [  433] OC Initial Status check: 0x5FC(0xf0)
01-20 11:52:03.626  3753  3753 E st21nfc i2c-st21nfc: Error: Switched from IDLE to IDLE!: ddcaf, ntf=0
01-20 11:52:09.774  1116  1116 E logbuffer_pcie1: [  436] OC Initial Status check: 0x5FC(0xf0)
01-20 11:52:10.150  3627  3627 E logbuffer_pcie0: [  439] OC Initial Status check: 0x5FC(0xf0)
01-20 11:52:14.500   998   998 E exynos-adv-tracer 18360000.exynos-adv_tracer: error return in ipc (2)
01-20 11:52:14.500   998   998 E etm2dram: etm2dram_delayed_start() ipc (channel=2) failed: -22
01-20 11:52:20.527  3627  3627 E logbuffer_pcie0: [  442] OC Initial Status check: 0x5FC(0xf0)
01-20 11:52:21.714  3627  3627 E logbuffer_pcie0: [  445] OC Initial Status check: 0x5FC(0xf0)
01-20 11:52:29.501   998   998 E exynos-adv-tracer 18360000.exynos-adv_tracer: error return in ipc (2)
01-20 11:52:29.501   998   998 E etm2dram: etm2dram_delayed_start() ipc (channel=2) failed: -22
01-20 11:52:43.474  3725  3725 E logbuffer_pcie0: [  448] OC Initial Status check: 0x5FC(0xf0)
01-20 11:52:44.502   998   998 E exynos-adv-tracer 18360000.exynos-adv_tracer: error return in ipc (2)
01-20 11:52:44.503   998   998 E etm2dram: etm2dram_delayed_start() ipc (channel=2) failed: -22
01-20 11:52:59.503   998   998 E exynos-adv-tracer 18360000.exynos-adv_tracer: error return in ipc (2)
01-20 11:52:59.504   998   998 E etm2dram: etm2dram_delayed_start() ipc (channel=2) failed: -22
01-20 11:53:03.549  3753  3753 E st21nfc i2c-st21nfc: Error: Switched from IDLE to IDLE!: ec6c2, ntf=0
01-20 11:53:05.235  3725  3725 E logbuffer_pcie0: [  451] OC Initial Status check: 0x5FC(0xf0)
01-20 11:53:14.505   998   998 E exynos-adv-tracer 18360000.exynos-adv_tracer: error return in ipc (2)
01-20 11:53:14.505   998   998 E etm2dram: etm2dram_delayed_start() ipc (channel=2) failed: -22
01-20 11:53:21.501  1116  1116 E logbuffer_pcie1: [  454] OC Initial Status check: 0x5FC(0xf0)
01-20 11:53:21.584  3725  3725 E logbuffer_pcie0: [  457] OC Initial Status check: 0x5FC(0xf0)
01-20 11:53:26.357  3627  3627 E logbuffer_pcie0: [  460] OC Initial Status check: 0x5FC(0xf0)
01-20 11:53:26.528  3627  3627 E logbuffer_pcie0: [  463] OC Initial Status check: 0x5FC(0xf0)
01-20 11:53:29.506   998   998 E exynos-adv-tracer 18360000.exynos-adv_tracer: error return in ipc (2)
01-20 11:53:29.506   998   998 E etm2dram: etm2dram_delayed_start() ipc (channel=2) failed: -22
01-20 11:53:44.507   998   998 E exynos-adv-tracer 18360000.exynos-adv_tracer: error return in ipc (2)
01-20 11:53:44.507   998   998 E etm2dram: etm2dram_delayed_start() ipc (channel=2) failed: -22
01-20 11:53:48.753  3627  3627 E logbuffer_pcie0: [  466] OC Initial Status check: 0x5FC(0xf0)
01-20 11:53:59.508   998   998 E exynos-adv-tracer 18360000.exynos-adv_tracer: error return in ipc (2)
01-20 11:53:59.508   998   998 E etm2dram: etm2dram_delayed_start() ipc (channel=2) failed: -22
01-20 11:54:09.473  3725  3725 E logbuffer_pcie0: [  473] OC Initial Status check: 0x5FC(0xf0)
01-20 11:54:09.875  3725  3725 E logbuffer_pcie0: [  476] OC Initial Status check: 0x5FC(0xf0)
01-20 11:54:14.509   998   998 E exynos-adv-tracer 18360000.exynos-adv_tracer: error return in ipc (2)
01-20 11:54:14.510   998   998 E etm2dram: etm2dram_delayed_start() ipc (channel=2) failed: -22
01-20 11:54:20.782  1131  1131 E dwc3 11210000.dwc3: request 0000000000000000 was not queued to ep0out
01-20 11:54:21.998  1094  1094 E dwc3 11210000.dwc3: request 0000000000000000 was not queued to ep0out
01-20 11:54:29.511   998   998 E exynos-adv-tracer 18360000.exynos-adv_tracer: error return in ipc (2)
01-20 11:54:29.511   998   998 E etm2dram: etm2dram_delayed_start() ipc (channel=2) failed: -22
01-20 11:54:29.578  1116  1116 E logbuffer_pcie1: [  479] OC Initial Status check: 0x5FC(0xf0)
01-20 11:54:29.661  3627  3627 E logbuffer_pcie0: [  482] OC Initial Status check: 0x5FC(0xf0)
01-20 11:54:31.636  3725  3725 E logbuffer_pcie0: [  485] OC Initial Status check: 0x5FC(0xf0)
01-20 11:54:44.512   998   998 E exynos-adv-tracer 18360000.exynos-adv_tracer: error return in ipc (2)
01-20 11:54:44.512   998   998 E etm2dram: etm2dram_delayed_start() ipc (channel=2) failed: -22
01-20 11:54:53.398  3725  3725 E logbuffer_pcie0: [  488] OC Initial Status check: 0x5FC(0xf0)
01-20 11:54:59.513   998   998 E exynos-adv-tracer 18360000.exynos-adv_tracer: error return in ipc (2)
01-20 11:54:59.513   998   998 E etm2dram: etm2dram_delayed_start() ipc (channel=2) failed: -22
01-20 11:55:03.384  1779  1779 E st21nfc i2c-st21nfc: Error: Switched from IDLE to IDLE!: 109ade, ntf=0
01-20 11:55:14.514   998   998 E exynos-adv-tracer 18360000.exynos-adv_tracer: error return in ipc (2)
01-20 11:55:14.514   998   998 E etm2dram: etm2dram_delayed_start() ipc (channel=2) failed: -22
01-20 11:55:14.544  1116  1116 E logbuffer_pcie1: [  491] OC Initial Status check: 0x5FC(0xf0)
01-20 11:55:14.626  3829  3829 E logbuffer_pcie0: [  494] OC Initial Status check: 0x5FC(0xf0)
01-20 11:55:29.515   998   998 E exynos-adv-tracer 18360000.exynos-adv_tracer: error return in ipc (2)
01-20 11:55:29.515   998   998 E etm2dram: etm2dram_delayed_start() ipc (channel=2) failed: -22
01-20 11:55:36.276  3627  3627 E logbuffer_pcie0: [  497] OC Initial Status check: 0x5FC(0xf0)
01-20 11:55:44.516   998   998 E exynos-adv-tracer 18360000.exynos-adv_tracer: error return in ipc (2)
01-20 11:55:44.517   998   998 E etm2dram: etm2dram_delayed_start() ipc (channel=2) failed: -22
01-20 11:55:58.037  3725  3725 E logbuffer_pcie0: [  500] OC Initial Status check: 0x5FC(0xf0)
01-20 11:55:59.518   998   998 E exynos-adv-tracer 18360000.exynos-adv_tracer: error return in ipc (2)
01-20 11:55:59.518   998   998 E etm2dram: etm2dram_delayed_start() ipc (channel=2) failed: -22
01-20 11:56:03.332  1779  1779 E st21nfc i2c-st21nfc: Error: Switched from IDLE to IDLE!: 118509, ntf=0
01-20 11:56:14.519   998   998 E exynos-adv-tracer 18360000.exynos-adv_tracer: error return in ipc (2)
01-20 11:56:14.519   998   998 E etm2dram: etm2dram_delayed_start() ipc (channel=2) failed: -22
01-20 11:56:19.796  3829  3829 E logbuffer_pcie0: [  503] OC Initial Status check: 0x5FC(0xf0)
01-20 11:56:29.520   998   998 E exynos-adv-tracer 18360000.exynos-adv_tracer: error return in ipc (2)
01-20 11:56:29.520   998   998 E etm2dram: etm2dram_delayed_start() ipc (channel=2) failed: -22
01-20 11:56:30.587  1116  1116 E logbuffer_pcie1: [  506] OC Initial Status check: 0x5FC(0xf0)
01-20 11:56:30.664  3829  3829 E logbuffer_pcie0: [  509] OC Initial Status check: 0x5FC(0xf0)
01-20 11:56:40.920  3627  3627 E logbuffer_pcie0: [  512] OC Initial Status check: 0x5FC(0xf0)
01-20 11:56:44.521   998   998 E exynos-adv-tracer 18360000.exynos-adv_tracer: error return in ipc (2)
01-20 11:56:44.521   998   998 E etm2dram: etm2dram_delayed_start() ipc (channel=2) failed: -22
01-20 11:56:59.522   998   998 E exynos-adv-tracer 18360000.exynos-adv_tracer: error return in ipc (2)
01-20 11:56:59.523   998   998 E etm2dram: etm2dram_delayed_start() ipc (channel=2) failed: -22
01-20 11:57:02.034  3627  3627 E logbuffer_pcie0: [  519] OC Initial Status check: 0x5FC(0xf0)
01-20 11:57:03.293  1779  1779 E st21nfc i2c-st21nfc: Error: Switched from IDLE to IDLE!: 126f42, ntf=0
01-20 11:57:14.523   998   998 E exynos-adv-tracer 18360000.exynos-adv_tracer: error return in ipc (2)
01-20 11:57:14.524   998   998 E etm2dram: etm2dram_delayed_start() ipc (channel=2) failed: -22
01-20 11:57:23.156  3829  3829 E logbuffer_pcie0: [  522] OC Initial Status check: 0x5FC(0xf0)
01-20 11:57:29.525   998   998 E exynos-adv-tracer 18360000.exynos-adv_tracer: error return in ipc (2)
01-20 11:57:29.525   998   998 E etm2dram: etm2dram_delayed_start() ipc (channel=2) failed: -22
01-20 11:57:44.526   998   998 E exynos-adv-tracer 18360000.exynos-adv_tracer: error return in ipc (2)
01-20 11:57:44.526   998   998 E etm2dram: etm2dram_delayed_start() ipc (channel=2) failed: -22
01-20 11:57:44.916  3829  3829 E logbuffer_pcie0: [  525] OC Initial Status check: 0x5FC(0xf0)
01-20 11:57:59.527   998   998 E exynos-adv-tracer 18360000.exynos-adv_tracer: error return in ipc (2)
01-20 11:57:59.528   998   998 E etm2dram: etm2dram_delayed_start() ipc (channel=2) failed: -22
01-20 11:58:02.784  1116  1116 E logbuffer_pcie1: [  528] OC Initial Status check: 0x5FC(0xf0)
01-20 11:58:02.881  3627  3627 E logbuffer_pcie0: [  531] OC Initial Status check: 0x5FC(0xf0)
01-20 11:58:03.260  1779  1779 E st21nfc i2c-st21nfc: Error: Switched from IDLE to IDLE!: 135982, ntf=0
01-20 11:58:03.676  1131  1131 E dwc3 11210000.dwc3: request 0000000000000000 was not queued to ep0out
01-20 11:58:05.396  3627  3627 E logbuffer_pcie0: [  534] OC Initial Status check: 0x5FC(0xf0)
01-20 11:58:07.004  3627  3627 E logbuffer_pcie0: [  537] OC Initial Status check: 0x5FC(0xf0)
01-20 11:58:09.049  3627  3627 E logbuffer_pcie0: [  540] OC Initial Status check: 0x5FC(0xf0)
01-20 11:58:09.631  1116  1116 E logbuffer_pcie1: [  543] OC Initial Status check: 0x5FC(0xf0)
01-20 11:58:09.710  3627  3627 E logbuffer_pcie0: [  546] OC Initial Status check: 0x5FC(0xf0)
01-20 11:58:14.529   998   998 E exynos-adv-tracer 18360000.exynos-adv_tracer: error return in ipc (2)
01-20 11:58:14.529   998   998 E etm2dram: etm2dram_delayed_start() ipc (channel=2) failed: -22
01-20 11:58:25.234  3627  3627 E logbuffer_pcie0: [  549] OC Initial Status check: 0x5FC(0xf0)
01-20 11:58:29.530   998   998 E exynos-adv-tracer 18360000.exynos-adv_tracer: error return in ipc (2)
01-20 11:58:29.530   998   998 E etm2dram: etm2dram_delayed_start() ipc (channel=2) failed: -22
01-20 11:58:35.351  1116  1116 E logbuffer_pcie1: [  552] OC Initial Status check: 0x5FC(0xf0)
01-20 11:58:35.431  3627  3627 E logbuffer_pcie0: [  555] OC Initial Status check: 0x5FC(0xf0)
01-20 11:58:44.531   998   998 E exynos-adv-tracer 18360000.exynos-adv_tracer: error return in ipc (2)
01-20 11:58:44.531   998   998 E etm2dram: etm2dram_delayed_start() ipc (channel=2) failed: -22
01-20 11:58:45.273  1116  1116 E logbuffer_pcie1: [  558] OC Initial Status check: 0x5FC(0xf0)
01-20 11:58:45.357  3725  3725 E logbuffer_pcie0: [  561] OC Initial Status check: 0x5FC(0xf0)
01-20 11:58:45.715  3725  3725 E logbuffer_pcie0: [  564] OC Initial Status check: 0x5FC(0xf0)
01-20 11:58:59.532   998   998 E exynos-adv-tracer 18360000.exynos-adv_tracer: error return in ipc (2)
01-20 11:58:59.532   998   998 E etm2dram: etm2dram_delayed_start() ipc (channel=2) failed: -22
01-20 11:59:03.199  1779  1779 E st21nfc i2c-st21nfc: Error: Switched from IDLE to IDLE!: 1443a5, ntf=0
01-20 11:59:06.838  3829  3829 E logbuffer_pcie0: [  567] OC Initial Status check: 0x5FC(0xf0)
01-20 11:59:07.819  1116  1116 E logbuffer_pcie1: [  570] OC Initial Status check: 0x5FC(0xf0)
01-20 11:59:07.901  3829  3829 E logbuffer_pcie0: [  573] OC Initial Status check: 0x5FC(0xf0)
01-20 11:59:14.533   998   998 E exynos-adv-tracer 18360000.exynos-adv_tracer: error return in ipc (2)
01-20 11:59:14.533   998   998 E etm2dram: etm2dram_delayed_start() ipc (channel=2) failed: -22
01-20 11:59:27.958  3627  3627 E logbuffer_pcie0: [  580] OC Initial Status check: 0x5FC(0xf0)
01-20 11:59:29.534   998   998 E exynos-adv-tracer 18360000.exynos-adv_tracer: error return in ipc (2)
01-20 11:59:29.535   998   998 E etm2dram: etm2dram_delayed_start() ipc (channel=2) failed: -22
01-20 11:59:43.816  1116  1116 E logbuffer_pcie1: [  583] OC Initial Status check: 0x5FC(0xf0)
01-20 11:59:44.536   998   998 E exynos-adv-tracer 18360000.exynos-adv_tracer: error return in ipc (2)
01-20 11:59:44.536   998   998 E etm2dram: etm2dram_delayed_start() ipc (channel=2) failed: -22
01-20 11:59:49.721  3725  3725 E logbuffer_pcie0: [  586] OC Initial Status check: 0x5FC(0xf0)
01-20 11:59:59.537   998   998 E exynos-adv-tracer 18360000.exynos-adv_tracer: error return in ipc (2)
01-20 11:59:59.537   998   998 E etm2dram: etm2dram_delayed_start() ipc (channel=2) failed: -22
01-20 12:00:00.120  3725  3725 E logbuffer_pcie0: [  589] OC Initial Status check: 0x5FC(0xf0)
