01-20 12:00:00.195  1116  1116 E logbuffer_pcie1: [  592] OC Initial Status check: 0x5FC(0xf0)
01-20 12:00:00.702  3725  3725 E logbuffer_pcie0: [  595] OC Initial Status check: 0x5FC(0xf0)
01-20 12:00:03.140  1779  1779 E st21nfc i2c-st21nfc: Error: Switched from IDLE to IDLE!: 152dc9, ntf=0
01-20 12:00:10.843  3918  3918 E logbuffer_pcie0: [  598] OC Initial Status check: 0x5FC(0xf0)
01-20 12:00:14.538   998   998 E exynos-adv-tracer 18360000.exynos-adv_tracer: error return in ipc (2)
01-20 12:00:14.538   998   998 E etm2dram: etm2dram_delayed_start() ipc (channel=2) failed: -22
01-20 12:00:29.539   998   998 E exynos-adv-tracer 18360000.exynos-adv_tracer: error return in ipc (2)
01-20 12:00:29.539   998   998 E etm2dram: etm2dram_delayed_start() ipc (channel=2) failed: -22
01-20 12:00:32.602  3725  3725 E logbuffer_pcie0: [  601] OC Initial Status check: 0x5FC(0xf0)
01-20 12:00:44.541   998   998 E exynos-adv-tracer 18360000.exynos-adv_tracer: error return in ipc (2)
01-20 12:00:44.541   998   998 E etm2dram: etm2dram_delayed_start() ipc (channel=2) failed: -22
01-20 12:00:54.362  3918  3918 E logbuffer_pcie0: [  604] OC Initial Status check: 0x5FC(0xf0)
01-20 12:00:59.542   998   998 E exynos-adv-tracer 18360000.exynos-adv_tracer: error return in ipc (2)
01-20 12:00:59.542   998   998 E etm2dram: etm2dram_delayed_start() ipc (channel=2) failed: -22
01-20 12:01:03.074  1779  1779 E st21nfc i2c-st21nfc: Error: Switched from IDLE to IDLE!: 1617e7, ntf=0
01-20 12:01:14.543   998   998 E exynos-adv-tracer 18360000.exynos-adv_tracer: error return in ipc (2)
01-20 12:01:14.543   998   998 E etm2dram: etm2dram_delayed_start() ipc (channel=2) failed: -22
01-20 12:01:16.122  3918  3918 E logbuffer_pcie0: [  607] OC Initial Status check: 0x5FC(0xf0)
01-20 12:01:29.544   998   998 E exynos-adv-tracer 18360000.exynos-adv_tracer: error return in ipc (2)
01-20 12:01:29.544   998   998 E etm2dram: etm2dram_delayed_start() ipc (channel=2) failed: -22
01-20 12:01:37.884  3918  3918 E logbuffer_pcie0: [  610] OC Initial Status check: 0x5FC(0xf0)
01-20 12:01:44.546   998   998 E exynos-adv-tracer 18360000.exynos-adv_tracer: error return in ipc (2)
01-20 12:01:44.546   998   998 E etm2dram: etm2dram_delayed_start() ipc (channel=2) failed: -22
01-20 12:01:59.547   998   998 E exynos-adv-tracer 18360000.exynos-adv_tracer: error return in ipc (2)
01-20 12:01:59.548   998   998 E etm2dram: etm2dram_delayed_start() ipc (channel=2) failed: -22
01-20 12:02:00.282  3918  3918 E logbuffer_pcie0: [  613] OC Initial Status check: 0x5FC(0xf0)
01-20 12:02:03.019  1779  1779 E st21nfc i2c-st21nfc: Error: Switched from IDLE to IDLE!: 170211, ntf=0
01-20 12:02:14.549   998   998 E exynos-adv-tracer 18360000.exynos-adv_tracer: error return in ipc (2)
01-20 12:02:14.549   998   998 E etm2dram: etm2dram_delayed_start() ipc (channel=2) failed: -22
01-20 12:02:22.043  3725  3725 E logbuffer_pcie0: [  616] OC Initial Status check: 0x5FC(0xf0)
01-20 12:02:29.550   998   998 E exynos-adv-tracer 18360000.exynos-adv_tracer: error return in ipc (2)
01-20 12:02:29.550   998   998 E etm2dram: etm2dram_delayed_start() ipc (channel=2) failed: -22
01-20 12:02:43.803  3725  3725 E logbuffer_pcie0: [  623] OC Initial Status check: 0x5FC(0xf0)
01-20 12:02:44.551   998   998 E exynos-adv-tracer 18360000.exynos-adv_tracer: error return in ipc (2)
01-20 12:02:44.551   998   998 E etm2dram: etm2dram_delayed_start() ipc (channel=2) failed: -22
01-20 12:02:52.728  1131  1131 E dwc3 11210000.dwc3: request 0000000000000000 was not queued to ep0out
01-20 12:02:55.862  1131  1131 E dwc3 11210000.dwc3: request 0000000000000000 was not queued to ep0out
01-20 12:02:59.552   998   998 E exynos-adv-tracer 18360000.exynos-adv_tracer: error return in ipc (2)
01-20 12:02:59.552   998   998 E etm2dram: etm2dram_delayed_start() ipc (channel=2) failed: -22
01-20 12:03:02.819  1131  1131 E dwc3 11210000.dwc3: request 0000000000000000 was not queued to ep0out
01-20 12:03:02.949  3889  3889 E st21nfc i2c-st21nfc: Error: Switched from IDLE to IDLE!: 17ec2b, ntf=0
01-20 12:03:05.560  3725  3725 E logbuffer_pcie0: [  626] OC Initial Status check: 0x5FC(0xf0)
01-20 12:03:09.022  1131  1131 E dwc3 11210000.dwc3: request 0000000000000000 was not queued to ep0out
01-20 12:03:14.553   998   998 E exynos-adv-tracer 18360000.exynos-adv_tracer: error return in ipc (2)
01-20 12:03:14.553   998   998 E etm2dram: etm2dram_delayed_start() ipc (channel=2) failed: -22
01-20 12:03:26.682  3918  3918 E logbuffer_pcie0: [  629] OC Initial Status check: 0x5FC(0xf0)
01-20 12:03:29.554   998   998 E exynos-adv-tracer 18360000.exynos-adv_tracer: error return in ipc (2)
01-20 12:03:29.554   998   998 E etm2dram: etm2dram_delayed_start() ipc (channel=2) failed: -22
01-20 12:03:44.555   998   998 E exynos-adv-tracer 18360000.exynos-adv_tracer: error return in ipc (2)
01-20 12:03:44.555   998   998 E etm2dram: etm2dram_delayed_start() ipc (channel=2) failed: -22
01-20 12:03:48.444  3725  3725 E logbuffer_pcie0: [  632] OC Initial Status check: 0x5FC(0xf0)
01-20 12:03:52.933  1116  1116 E logbuffer_pcie1: [  635] OC Initial Status check: 0x5FC(0xf0)
01-20 12:03:53.013  3829  3829 E logbuffer_pcie0: [  638] OC Initial Status check: 0x5FC(0xf0)
01-20 12:03:55.350  2710  2710 E exynos5-hsi2c 10970000.hsi2c: ack was not received at write
01-20 12:03:55.351  2710  2710 E st21nfc i2c-st21nfc: i2c_master_send returned -6
01-20 12:03:55.370   624   624 E [  error] syna_tcm_v1_read_message: Incorrect Status code, 0x0f
01-20 12:03:55.370   624   624 E [  error] syna_tcm_v1_write_message: Received code 0x0f (command 0x23)
01-20 12:03:55.370   624   624 E [  error] syna_tcm_get_dynamic_config: Fail to send command 0x23 to get dynamic field 0xf2
01-20 12:03:55.371  3829  3829 E logbuffer_pcie0: [  641] OC Initial Status check: 0x5FC(0xf0)
01-20 12:03:55.386  1116  1116 E logbuffer_pcie1: [  642] OC Initial Status check: 0x5FC(0xf0)
01-20 12:03:56.519  1633  1633 E exynos5-hsi2c 10970000.hsi2c: ack was not received at write
01-20 12:03:58.027  2145  2171 E SingleInstanceRemoteListener: Failed remote call on null listener
01-20 12:03:58.043  1423  2345 E BiometricScheduler: Current operation is null,no need to start watchdog
01-20 12:03:58.093  1423  1528 E WearableSensingManagerPerUserService: Bad service name: com.google.android.glasses.core/com.google.android.projection.core.secure.TrustedAmbientSensingService
01-20 12:03:58.193  1423  2070 E BackupPasswordManager: Unable to read backup pw version
01-20 12:03:58.193  1423  2070 E BackupPasswordManager: Unable to read saved backup pw hash
01-20 12:03:58.205  2145  2171 E SingleInstanceRemoteListener: Failed remote call on null listener
01-20 12:03:58.616  1116  1116 E logbuffer_pcie1: [  647] OC Initial Status check: 0x5FC(0xf0)
01-20 12:03:58.577  1423  2381 E BiometricScheduler: Current operation is null,no need to start watchdog
01-20 12:03:58.895  3725  3725 E logbuffer_pcie0: [  650] OC Initial Status check: 0x5FC(0xf0)
01-20 12:03:59.389  1423  2021 E SyncManager: Couldn't find backoff values for Account {name=xxxxxxxx@xxxxx.xxx, type=com.google}/subscribedfeeds:u0
01-20 12:03:59.556   998   998 E exynos-adv-tracer 18360000.exynos-adv_tracer: error return in ipc (2)
01-20 12:03:59.556   998   998 E etm2dram: etm2dram_delayed_start() ipc (channel=2) failed: -22
01-20 12:03:59.719  1423  2347 E JobScheduler.JobStatus: App com.google.android.inputmethod.latin became active but still in NEVER bucket
01-20 12:03:59.735  1423  4263 E JobScheduler.JobStatus: App com.google.android.inputmethod.latin became active but still in NEVER bucket
01-20 12:03:59.882  1423  4263 E JobScheduler.JobStatus: App com.google.android.inputmethod.latin became active but still in NEVER bucket
01-20 12:03:59.893  1423  4263 E JobScheduler.JobStatus: App com.google.android.inputmethod.latin became active but still in NEVER bucket
01-20 12:03:59.895  1423  4263 E JobScheduler.JobStatus: App com.google.android.inputmethod.latin became active but still in NEVER bucket
01-20 12:03:59.952  1423  4272 E JobScheduler.JobStatus: App com.google.android.inputmethod.latin became active but still in NEVER bucket
01-20 12:04:00.119  1423  4272 E JobScheduler.JobStatus: App com.google.android.inputmethod.latin became active but still in NEVER bucket
01-20 12:04:00.138  1423  1809 E JobScheduler.JobStatus: App com.google.android.inputmethod.latin became active but still in NEVER bucket
01-20 12:04:00.168  1423  4264 E JobScheduler.JobStatus: App com.google.android.inputmethod.latin became active but still in NEVER bucket
01-20 12:04:00.182  1423  1865 E JobScheduler.JobStatus: App com.google.android.inputmethod.latin became active but still in NEVER bucket
01-20 12:04:00.333  1116  1116 E logbuffer_pcie1: [  653] OC Initial Status check: 0x5FC(0xf0)
01-20 12:04:00.200  1423  1865 E JobScheduler.JobStatus: App com.google.android.inputmethod.latin became active but still in NEVER bucket
01-20 12:04:00.211  1423  4264 E JobScheduler.JobStatus: App com.google.android.inputmethod.latin became active but still in NEVER bucket
01-20 12:04:00.255  1423  2093 E JobScheduler.JobStatus: App com.google.android.inputmethod.latin became active but still in NEVER bucket
01-20 12:04:00.273  1423  4273 E JobScheduler.JobStatus: App com.google.android.inputmethod.latin became active but still in NEVER bucket
01-20 12:04:00.297  1423  4253 E JobScheduler.JobStatus: App com.google.android.inputmethod.latin became active but still in NEVER bucket
01-20 12:04:00.303  1423  4270 E JobScheduler.JobStatus: App com.google.android.inputmethod.latin became active but still in NEVER bucket
01-20 12:04:00.319  1423  4252 E JobScheduler.JobStatus: App com.google.android.inputmethod.latin became active but still in NEVER bucket
01-20 12:04:00.417  1423  2366 E JobScheduler.JobStatus: App com.google.android.inputmethod.latin became active but still in NEVER bucket
01-20 12:04:00.444  1423  2381 E JobScheduler.JobStatus: App com.google.android.inputmethod.latin became active but still in NEVER bucket
01-20 12:04:01.330  1423  4211 E JobScheduler.JobStatus: App com.google.android.inputmethod.latin became active but still in NEVER bucket
01-20 12:04:01.388  1423  1889 E JobScheduler.Quota: <0>com.google.android.apps.subscriptions.red has 0 EJ quota without running anything
01-20 12:04:01.391  1423  1889 E JobScheduler.Quota: <0>com.google.android.apps.subscriptions.red has 0 EJ quota without running anything
01-20 12:04:01.405  1423  1889 E JobScheduler.Quota: <0>com.google.android.apps.subscriptions.red has 0 EJ quota without running anything
01-20 12:04:01.478  3725  3725 E logbuffer_pcie0: [  656] OC Initial Status check: 0x5FC(0xf0)
01-20 12:04:01.472  1423  1527 E PackageManager: Optimistic bind failed.
01-20 12:04:01.472  1423  1527 E PackageManager: java.util.concurrent.TimeoutException: [Optimistic Bind] Didn't bind to resolver in time!
01-20 12:04:01.472  1423  1527 E PackageManager: 	at com.android.server.pm.InstantAppResolverConnection.waitForBindLocked(InstantAppResolverConnection.java:160)
01-20 12:04:01.472  1423  1527 E PackageManager: 	at com.android.server.pm.InstantAppResolverConnection.bind(InstantAppResolverConnection.java:230)
01-20 12:04:01.472  1423  1527 E PackageManager: 	at com.android.server.pm.InstantAppResolverConnection.lambda$optimisticBind$0(InstantAppResolverConnection.java:260)
01-20 12:04:01.472  1423  1527 E PackageManager: 	at com.android.server.pm.InstantAppResolverConnection.$r8$lambda$66W2s2mMKe4pk_xXCScH9RCqav8(InstantAppResolverConnection.java:0)
01-20 12:04:01.472  1423  1527 E PackageManager: 	at com.android.server.pm.InstantAppResolverConnection$$ExternalSyntheticLambda0.run(R8$$SyntheticClass:0)
01-20 12:04:01.472  1423  1527 E PackageManager: 	at android.os.Handler.handleCallback(Handler.java:1095)
01-20 12:04:01.472  1423  1527 E PackageManager: 	at android.os.Handler.dispatchMessageImpl(Handler.java:135)
01-20 12:04:01.472  1423  1527 E PackageManager: 	at android.os.Handler.dispatchMessage(Handler.java:125)
01-20 12:04:01.472  1423  1527 E PackageManager: 	at android.os.Looper.loopOnce(Looper.java:269)
01-20 12:04:01.472  1423  1527 E PackageManager: 	at android.os.Looper.loop(Looper.java:367)
01-20 12:04:01.472  1423  1527 E PackageManager: 	at android.os.HandlerThread.run(HandlerThread.java:139)
01-20 12:04:01.502  1423  1889 E JobScheduler.Quota: <0>com.google.android.apps.magazines has 0 EJ quota without running anything
01-20 12:04:01.518  1423  1889 E JobScheduler.Quota: <0>com.google.android.apps.magazines has 0 EJ quota without running anything
01-20 12:04:01.547  1423  1889 E JobScheduler.Quota: <0>com.google.android.apps.magazines has 0 EJ quota without running anything
01-20 12:04:02.933  1633  1633 E exynos5-hsi2c 10970000.hsi2c: ack was not received at write
01-20 12:04:05.782  1423  3045 E JobScheduler.Concurrency: # stated jobs for 8 went negative.
01-20 12:04:05.842  1423  2345 E JobScheduler.Concurrency: # stated jobs for 8 went negative.
01-20 12:04:05.892  2718  2718 E ActivityThread: Failed to find provider info for 20:F0:94:4B:FF:5C
01-20 12:04:05.916  2718  2718 E ActivityThread: Failed to find provider info for 20:F0:94:4B:FF:5C
01-20 12:04:06.199  4003  4003 E exynos5-hsi2c 10970000.hsi2c: ack was not received at write
01-20 12:04:06.785  1423  1488 E ActivityTaskManager: Activity start ONLY allowed by BAL_ALLOW_NON_APP_VISIBLE_WINDOW uid has non-app visible window {2000=1, 2013=1, 2024=1, 2040=1}: [callingPackage: android; callingPackageTargetSdk: 36; callingUid: 1000; callingPid: -1; appSwitchState: 2; callingUidHasVisibleActivity: false; callingUidHasVisibleNotPinnedActivity: false; callingUidHasNonAppVisibleWindow: false; callingUidProcState: PERSISTENT; isCallingUidPersistentSystemProcess: true; allowBalExemptionForSystemProcess: false; intent: Intent { act=android.intent.action.MAIN cat=[android.intent.category.LAUNCHER] flg=0x10008000 xflg=0x4 cmp=com.android.settings/.Settings$UsbDetailsActivity }; callerApp: null; balAllowedByPiCreator: BSP.NONE; resultIfPiCreatorAllowsBal: BAL_ALLOW_ALLOWLISTED_UID; callerStartMode: MODE_BACKGROUND_ACTIVITY_START_SYSTEM_DEFINED; hasRealCaller: true; isCallForResult: false; isPendingIntent: true; autoOptInReason: null; realCallingPackage: com.android.systemui; realCallingPackageTargetSdk: 36; realCallingUid: 10270; realCallingPid: 2145; realCallingUidHasVisibleActivity: false; realCallingUidHasVisibleNotPinnedActivity: false; realCallingUidHasNonAppVisibleWindow: true; realCallingUidProcState: PERSISTENT_UI; isRealCallingUidPersistentSystemProcess: true; originatingPendingIntent: PendingIntentRecord{bf94a2 android startActivity}; realCallerApp: ProcessRecord{79921f5 2145:com.android.systemui/u0a270}; realInVisibleTask: false; balAllowedByPiSender: BSP.ALLOW_BAL; resultIfPiSenderAllowsBal: BAL_ALLOW_NON_APP_VISIBLE_WINDOW; realCallerStartMode: MODE_BACKGROUND_ACTIVITY_START_ALLOWED; balDontBringExistingBackgroundTaskStackToFg: true]
01-20 12:04:07.000  3829  3829 E logbuffer_pcie0: [  659] OC Initial Status check: 0x5FC(0xf0)
01-20 12:04:08.590  1423  1969 E BiometricService/AuthSession: onDialogAnimatedIn, unexpected state: 9
01-20 12:04:08.933  3725  3725 E logbuffer_pcie0: [  662] OC Initial Status check: 0x5FC(0xf0)
01-20 12:04:09.610  3725  3725 E logbuffer_pcie0: [  665] OC Initial Status check: 0x5FC(0xf0)
01-20 12:04:09.652   173   173 E exynos5-hsi2c 10970000.hsi2c: ack was not received at write
01-20 12:04:10.436  3725  3725 E logbuffer_pcie0: [  668] OC Initial Status check: 0x5FC(0xf0)
01-20 12:04:10.855  3725  3725 E logbuffer_pcie0: [  671] OC Initial Status check: 0x5FC(0xf0)
01-20 12:04:11.442  1423  1889 E JobScheduler.Quota: <0>com.google.android.apps.subscriptions.red has 0 EJ quota without running anything
01-20 12:04:11.528  1423  1865 E JobScheduler.JobStatus: App com.google.android.apps.subscriptions.red became active but still in NEVER bucket
01-20 12:04:11.714  3918  3918 E logbuffer_pcie0: [  674] OC Initial Status check: 0x5FC(0xf0)
01-20 12:04:11.865   959   959 E dwc3 11210000.dwc3: request 0000000000000000 was not queued to ep0out
01-20 12:04:11.848  1423  1969 E BiometricService/AuthSession: mTokenEscrow is null
01-20 12:04:11.982  1423  4857 E JobScheduler.JobStatus: App com.google.android.apps.subscriptions.red became active but still in NEVER bucket
01-20 12:04:12.041  1423  1488 E JobScheduler.JobStatus: App com.google.android.apps.subscriptions.red became active but still in NEVER bucket
01-20 12:04:12.838  3918  3918 E logbuffer_pcie0: [  677] OC Initial Status check: 0x5FC(0xf0)
01-20 12:04:12.911  1423  1889 E JobScheduler.Quota: <0>com.google.android.apps.magazines has 0 EJ quota without running anything
01-20 12:04:12.920  1423  4254 E JobScheduler.JobStatus: App com.google.android.apps.magazines became active but still in NEVER bucket
01-20 12:04:13.105  3918  3918 E logbuffer_pcie0: [  680] OC Initial Status check: 0x5FC(0xf0)
01-20 12:04:13.348  3918  3918 E logbuffer_pcie0: [  683] OC Initial Status check: 0x5FC(0xf0)
01-20 12:04:13.758  1423  1889 E JobScheduler.Quota: <0>com.google.android.apps.maps has 0 EJ quota without running anything
01-20 12:04:13.765  1423  1889 E JobScheduler.Quota: <0>com.google.android.apps.maps has 0 EJ quota without running anything
01-20 12:04:13.766  1423  1889 E JobScheduler.Quota: <0>com.google.android.apps.maps has 0 EJ quota without running anything
01-20 12:04:14.001  1423  4252 E AppOps  : attributionTag UwbCountryCode not declared in manifest of android
01-20 12:04:14.395  1423  1889 E JobScheduler.Quota: <0>com.google.android.apps.maps has 0 EJ quota without running anything
01-20 12:04:14.556   998   998 E exynos-adv-tracer 18360000.exynos-adv_tracer: error return in ipc (2)
01-20 12:04:14.556   998   998 E etm2dram: etm2dram_delayed_start() ipc (channel=2) failed: -22
01-20 12:04:14.717  3725  3725 E logbuffer_pcie0: [  686] OC Initial Status check: 0x5FC(0xf0)
01-20 12:04:15.243  1423  1863 E JobScheduler.JobStatus: App com.google.android.apps.maps became active but still in NEVER bucket
01-20 12:04:15.552  3918  3918 E logbuffer_pcie0: [  689] OC Initial Status check: 0x5FC(0xf0)
01-20 12:04:15.701  1423  2384 E JobScheduler.JobStatus: App com.google.android.apps.nbu.files became active but still in NEVER bucket
01-20 12:04:15.704  1423  2380 E JobScheduler.JobStatus: App com.google.android.apps.nbu.files became active but still in NEVER bucket
01-20 12:04:15.708  1423  2380 E JobScheduler.JobStatus: App com.google.android.apps.nbu.files became active but still in NEVER bucket
01-20 12:04:15.731  1423  4211 E JobScheduler.JobStatus: App com.google.android.apps.nbu.files became active but still in NEVER bucket
01-20 12:04:15.743  3918  3918 E logbuffer_pcie0: [  692] OC Initial Status check: 0x5FC(0xf0)
01-20 12:04:15.774  1423  1488 E JobScheduler.JobStatus: App com.google.android.apps.nbu.files became active but still in NEVER bucket
01-20 12:04:15.806  1423  1488 E JobScheduler.JobStatus: App com.google.android.apps.nbu.files became active but still in NEVER bucket
01-20 12:04:15.813  1423  4211 E JobScheduler.JobStatus: App com.google.android.apps.nbu.files became active but still in NEVER bucket
01-20 12:04:15.855  1423  2384 E JobScheduler.JobStatus: App com.google.android.apps.nbu.files became active but still in NEVER bucket
01-20 12:04:15.861  1423  2380 E JobScheduler.JobStatus: App com.google.android.apps.nbu.files became active but still in NEVER bucket
01-20 12:04:15.907  1423  2380 E JobScheduler.JobStatus: App com.google.android.apps.nbu.files became active but still in NEVER bucket
01-20 12:04:16.070  1423  2380 E JobScheduler.JobStatus: App com.google.android.apps.nbu.files became active but still in NEVER bucket
01-20 12:04:16.398  1423  4210 E JobScheduler.JobStatus: App com.google.android.apps.nbu.files became active but still in NEVER bucket
01-20 12:04:16.602  3918  3918 E logbuffer_pcie0: [  695] OC Initial Status check: 0x5FC(0xf0)
01-20 12:04:16.878  3918  3918 E logbuffer_pcie0: [  698] OC Initial Status check: 0x5FC(0xf0)
01-20 12:04:17.140  3725  3725 E logbuffer_pcie0: [  701] OC Initial Status check: 0x5FC(0xf0)
01-20 12:04:17.228   499   499 E SELinux : avc:  denied  { find } for pid=8023 uid=10256 name=vendor.google.bluetooth_ext.IBluetoothCco/default scontext=u:r:dcservice_app:s0:c512,c768 tcontext=u:object_r:hal_bluetooth_coexistence_service:s0 tclass=service_manager permissive=0
01-20 12:04:17.263   499   499 E SELinux : avc:  denied  { find } for pid=8023 uid=10256 name=vendor.google.bluetooth_ext.IBluetoothCco/default scontext=u:r:dcservice_app:s0:c512,c768 tcontext=u:object_r:hal_bluetooth_coexistence_service:s0 tclass=service_manager permissive=0
01-20 12:04:17.247  1423  4253 E JobScheduler.JobStatus: App com.google.android.apps.nbu.files became active but still in NEVER bucket
01-20 12:04:17.293  1423  4272 E JobScheduler.JobStatus: App com.google.android.apps.nbu.files became active but still in NEVER bucket
01-20 12:04:17.366  1423  4272 E JobScheduler.JobStatus: App com.google.android.apps.nbu.files became active but still in NEVER bucket
01-20 12:04:17.482  1423  3045 E JobScheduler.JobStatus: App com.google.android.apps.subscriptions.red became active but still in NEVER bucket
01-20 12:04:17.558  1423  2381 E JobScheduler.JobStatus: App com.google.android.apps.subscriptions.red became active but still in NEVER bucket
01-20 12:04:17.684  1423  2381 E JobScheduler.JobStatus: App com.google.android.apps.nbu.files became active but still in NEVER bucket
01-20 12:04:19.206   499   499 E SELinux : avc:  denied  { find } for pid=8023 uid=10256 name=vendor.google.bluetooth_ext.IBluetoothCco/default scontext=u:r:dcservice_app:s0:c512,c768 tcontext=u:object_r:hal_bluetooth_coexistence_service:s0 tclass=service_manager permissive=0
01-20 12:04:19.211   499   499 E SELinux : avc:  denied  { find } for pid=8023 uid=10256 name=vendor.google.bluetooth_ext.IBluetoothCco/default scontext=u:r:dcservice_app:s0:c512,c768 tcontext=u:object_r:hal_bluetooth_coexistence_service:s0 tclass=service_manager permissive=0
01-20 12:04:19.477  1423  4210 E JobScheduler.JobStatus: App com.google.android.apps.maps became active but still in NEVER bucket
01-20 12:04:19.645  1423  2093 E JobScheduler.JobStatus: App com.google.android.apps.maps became active but still in NEVER bucket
01-20 12:04:19.788  1423  2384 E JobScheduler.JobStatus: App com.google.android.apps.maps became active but still in NEVER bucket
01-20 12:04:20.354   499   499 E SELinux : avc:  denied  { find } for pid=8023 uid=10256 name=vendor.google.bluetooth_ext.IBluetoothCco/default scontext=u:r:dcservice_app:s0:c512,c768 tcontext=u:object_r:hal_bluetooth_coexistence_service:s0 tclass=service_manager permissive=0
01-20 12:04:20.889   499   499 E SELinux : avc:  denied  { find } for pid=8023 uid=10256 name=vendor.google.bluetooth_ext.IBluetoothCco/default scontext=u:r:dcservice_app:s0:c512,c768 tcontext=u:object_r:hal_bluetooth_coexistence_service:s0 tclass=service_manager permissive=0
01-20 12:04:20.893   499   499 E SELinux : avc:  denied  { find } for pid=8023 uid=10256 name=vendor.google.bluetooth_ext.IBluetoothCco/default scontext=u:r:dcservice_app:s0:c512,c768 tcontext=u:object_r:hal_bluetooth_coexistence_service:s0 tclass=service_manager permissive=0
01-20 12:04:21.087  2915  8907 E ActivityThread: Failed to find provider info for subscribedfeeds
01-20 12:04:21.109  2915  8907 E ActivityThread: Failed to find provider info for subscribedfeeds
01-20 12:04:21.416  2915  8948 E ActivityThread: Failed to find provider info for subscribedfeeds
01-20 12:04:21.748  1423  1889 E JobScheduler.JobStatus: App com.google.android.contacts became active but still in NEVER bucket
01-20 12:04:21.748  1423  1889 E JobScheduler.JobStatus: App com.google.android.contacts became active but still in NEVER bucket
01-20 12:04:21.749  1423  1889 E JobScheduler.JobStatus: App com.google.android.contacts became active but still in NEVER bucket
01-20 12:04:21.749  1423  1889 E JobScheduler.JobStatus: App com.google.android.contacts became active but still in NEVER bucket
01-20 12:04:21.749  1423  1889 E JobScheduler.JobStatus: App com.google.android.contacts became active but still in NEVER bucket
01-20 12:04:22.264  1423  2380 E JobScheduler.JobStatus: App com.google.android.contacts became active but still in NEVER bucket
01-20 12:04:22.269  1423  4263 E JobScheduler.JobStatus: App com.google.android.contacts became active but still in NEVER bucket
01-20 12:04:22.278  1423  1809 E JobScheduler.JobStatus: App com.google.android.contacts became active but still in NEVER bucket
01-20 12:04:22.289  1423  1487 E JobScheduler.JobStatus: App com.google.android.contacts became active but still in NEVER bucket
01-20 12:04:22.301  1423  1865 E JobScheduler.JobStatus: App com.google.android.contacts became active but still in NEVER bucket
01-20 12:04:22.316   499   499 E SELinux : avc:  denied  { find } for pid=8023 uid=10256 name=vendor.google.bluetooth_ext.IBluetoothCco/default scontext=u:r:dcservice_app:s0:c512,c768 tcontext=u:object_r:hal_bluetooth_coexistence_service:s0 tclass=service_manager permissive=0
01-20 12:04:22.314   557  5376 E keystore2: system/security/keystore2/src/error.rs:185 - system/security/keystore2/src/security_level.rs:380: Failed to begin operation.
01-20 12:04:22.314   557  5376 E keystore2: 
01-20 12:04:22.314   557  5376 E keystore2: Caused by:
01-20 12:04:22.314   557  5376 E keystore2:     0: system/security/keystore2/src/security_level.rs:986: upgrade_keyblob_if_required_with(key_id=Some(KeyIdGuard(6867315553432142002)))
01-20 12:04:22.314   557  5376 E keystore2:     1: system/security/keystore2/src/utils.rs:492: Calling km_op.
01-20 12:04:22.314   557  5376 E keystore2:     2: Error::Km(r#KEY_USER_NOT_AUTHENTICATED)
01-20 12:04:22.351  1423  4857 E JobScheduler.JobStatus: App com.google.android.contacts became active but still in NEVER bucket
01-20 12:04:22.361  1423  4857 E JobScheduler.JobStatus: App com.google.android.contacts became active but still in NEVER bucket
01-20 12:04:22.540  1423  2381 E JobScheduler.JobStatus: App com.google.android.contacts became active but still in NEVER bucket
01-20 12:04:22.747  1423  1865 E JobScheduler.JobStatus: App com.google.android.contacts became active but still in NEVER bucket
01-20 12:04:23.026  1423  1487 E JobScheduler.JobStatus: App com.google.android.contacts became active but still in NEVER bucket
01-20 12:04:23.103  1423  4272 E JobScheduler.JobStatus: App com.google.android.contacts became active but still in NEVER bucket
01-20 12:04:23.356   499   499 E SELinux : avc:  denied  { find } for pid=8023 uid=10256 name=vendor.google.bluetooth_ext.IBluetoothCco/default scontext=u:r:dcservice_app:s0:c512,c768 tcontext=u:object_r:hal_bluetooth_coexistence_service:s0 tclass=service_manager permissive=0
01-20 12:04:23.446  1423  2347 E JobScheduler.JobStatus: App com.google.android.contacts became active but still in NEVER bucket
01-20 12:04:23.608  1423  4210 E JobScheduler.JobStatus: App com.google.android.contacts became active but still in NEVER bucket
01-20 12:04:23.959  1423  4211 E JobScheduler.JobStatus: App com.google.android.contacts became active but still in NEVER bucket
01-20 12:04:23.997   499   499 E SELinux : avc:  denied  { find } for pid=8023 uid=10256 name=vendor.google.bluetooth_ext.IBluetoothCco/default scontext=u:r:dcservice_app:s0:c512,c768 tcontext=u:object_r:hal_bluetooth_coexistence_service:s0 tclass=service_manager permissive=0
01-20 12:04:24.106  1423  1889 E JobScheduler.Quota: <0>com.google.android.keep has 0 EJ quota without running anything
01-20 12:04:24.106  1423  1889 E JobScheduler.Quota: <0>com.google.android.keep has 0 EJ quota without running anything
01-20 12:04:24.106  1423  1889 E JobScheduler.Quota: <0>com.google.android.keep has 0 EJ quota without running anything
01-20 12:04:24.110  1423  1889 E JobScheduler.Quota: <0>com.google.android.keep has 0 EJ quota without running anything
01-20 12:04:24.216  1423  1889 E JobScheduler.Quota: <0>com.google.android.apps.tachyon has 0 EJ quota without running anything
01-20 12:04:24.217  1423  1889 E JobScheduler.Quota: <0>com.google.android.apps.tachyon has 0 EJ quota without running anything
01-20 12:04:24.217  1423  1889 E JobScheduler.Quota: <0>com.google.android.apps.tachyon has 0 EJ quota without running anything
01-20 12:04:24.222  1423  1889 E JobScheduler.Quota: <0>com.google.android.apps.tachyon has 0 EJ quota without running anything
01-20 12:04:24.420  1423  9477 E SettingsToPropertiesMapper: key=persist.device_config.storage_native_boot.transcode_compat_manifest value=com.yelp.android,0,com.yy.biu,0,com.groupme.android,0,air.tv.douyu.android,0,com.baidu.mbaby,0,com.vlocker.locker,0,com.znxh.hyhuo,0,com.yixia.xiaokaxiu,0 exceeds system property max length.
01-20 12:04:24.463  1423  2093 E JobScheduler.JobStatus: App com.google.android.contacts became active but still in NEVER bucket
01-20 12:04:24.480  1423  1889 E JobScheduler.JobStatus: App com.google.android.videos became active but still in NEVER bucket
01-20 12:04:24.480  1423  1889 E JobScheduler.JobStatus: App com.google.android.videos became active but still in NEVER bucket
01-20 12:04:24.480  1423  1889 E JobScheduler.JobStatus: App com.google.android.videos became active but still in NEVER bucket
01-20 12:04:24.553  1423  4208 E JobScheduler.JobStatus: App com.google.android.keep became active but still in NEVER bucket
01-20 12:04:24.576  1423  1487 E JobScheduler.JobStatus: App com.google.android.keep became active but still in NEVER bucket
01-20 12:04:24.588  1423  1487 E JobScheduler.JobStatus: App com.google.android.keep became active but still in NEVER bucket
01-20 12:04:24.590  1423  4254 E JobScheduler.JobStatus: App com.google.android.keep became active but still in NEVER bucket
01-20 12:04:24.600  1423  4264 E JobScheduler.JobStatus: App com.google.android.keep became active but still in NEVER bucket
01-20 12:04:24.604  1423  4275 E JobScheduler.JobStatus: App com.google.android.keep became active but still in NEVER bucket
01-20 12:04:24.633  1423  4745 E JobScheduler.JobStatus: App com.google.android.videos became active but still in NEVER bucket
01-20 12:04:24.652  1423  4745 E JobScheduler.JobStatus: App com.google.android.keep became active but still in NEVER bucket
01-20 12:04:24.744  1423  4254 E JobScheduler.JobStatus: App com.google.android.keep became active but still in NEVER bucket
01-20 12:04:24.799  1423  4275 E JobScheduler.JobStatus: App com.google.android.keep became active but still in NEVER bucket
01-20 12:04:24.833  1423  2347 E JobScheduler.JobStatus: App com.google.android.videos became active but still in NEVER bucket
01-20 12:04:24.876  1423  4273 E JobScheduler.JobStatus: App com.google.android.keep became active but still in NEVER bucket
01-20 12:04:24.943  1423  4263 E JobScheduler.JobStatus: App com.google.android.videos became active but still in NEVER bucket
01-20 12:04:24.970  1423  2384 E JobScheduler.JobStatus: App com.google.android.keep became active but still in NEVER bucket
01-20 12:04:24.979  1423  4211 E JobScheduler.JobStatus: App com.google.android.videos became active but still in NEVER bucket
01-20 12:04:24.982  1423  4263 E JobScheduler.JobStatus: App com.google.android.contacts became active but still in NEVER bucket
01-20 12:04:25.011  1423  4272 E JobScheduler.JobStatus: App com.google.android.keep became active but still in NEVER bucket
01-20 12:04:25.053  1423  1889 E JobScheduler.Quota: <0>com.google.android.apps.docs.editors.docs has 0 EJ quota without running anything
01-20 12:04:25.053  1423  1889 E JobScheduler.Quota: <0>com.google.android.apps.docs.editors.docs has 0 EJ quota without running anything
01-20 12:04:25.053  1423  1889 E JobScheduler.Quota: <0>com.google.android.apps.docs.editors.docs has 0 EJ quota without running anything
01-20 12:04:25.104  1423  4269 E JobScheduler.JobStatus: App com.google.android.keep became active but still in NEVER bucket
01-20 12:04:25.128  1423  1488 E JobScheduler.JobStatus: App com.google.android.keep became active but still in NEVER bucket
01-20 12:04:25.320  1423  2093 E JobScheduler.JobStatus: App com.google.android.apps.tachyon became active but still in NEVER bucket
01-20 12:04:25.335  1423  4273 E JobScheduler.JobStatus: App com.google.android.keep became active but still in NEVER bucket
01-20 12:04:25.356  1423  4270 E JobScheduler.JobStatus: App com.google.android.keep became active but still in NEVER bucket
01-20 12:04:25.364  1423  2093 E JobScheduler.JobStatus: App com.google.android.apps.tachyon became active but still in NEVER bucket
01-20 12:04:25.423  1423  1488 E JobScheduler.JobStatus: App com.google.android.apps.tachyon became active but still in NEVER bucket
01-20 12:04:25.441  1423  4269 E JobScheduler.JobStatus: App com.google.android.apps.tachyon became active but still in NEVER bucket
01-20 12:04:25.467  1423  1889 E JobScheduler.Quota: <0>com.google.android.apps.docs.editors.docs has 0 EJ quota without running anything
01-20 12:04:25.499  1423  1488 E JobScheduler.JobStatus: App com.google.android.keep became active but still in NEVER bucket
01-20 12:04:25.502  1423  4273 E JobScheduler.JobStatus: App com.google.android.keep became active but still in NEVER bucket
01-20 12:04:25.505  1423  4273 E JobScheduler.JobStatus: App com.google.android.apps.tachyon became active but still in NEVER bucket
01-20 12:04:25.534  1423  4211 E JobScheduler.JobStatus: App com.google.android.apps.tachyon became active but still in NEVER bucket
01-20 12:04:25.577  1423  4211 E JobScheduler.JobStatus: App com.google.android.apps.tachyon became active but still in NEVER bucket
01-20 12:04:25.582  1423  4211 E JobScheduler.JobStatus: App com.google.android.apps.tachyon became active but still in NEVER bucket
01-20 12:04:25.625  1423  4272 E JobScheduler.JobStatus: App com.google.android.apps.tachyon became active but still in NEVER bucket
01-20 12:04:25.661  1423  4270 E JobScheduler.JobStatus: App com.google.android.apps.tachyon became active but still in NEVER bucket
01-20 12:04:25.698  1423  2093 E JobScheduler.JobStatus: App com.google.android.apps.docs.editors.docs became active but still in NEVER bucket
01-20 12:04:25.717  1423  4275 E JobScheduler.JobStatus: App com.google.android.apps.docs.editors.docs became active but still in NEVER bucket
01-20 12:04:25.730  1423  4269 E JobScheduler.JobStatus: App com.google.android.apps.docs.editors.docs became active but still in NEVER bucket
01-20 12:04:25.756  1423  4263 E JobScheduler.JobStatus: App com.google.android.apps.tachyon became active but still in NEVER bucket
01-20 12:04:25.808  1423  4247 E JobScheduler.JobStatus: App com.google.android.keep became active but still in NEVER bucket
01-20 12:04:25.828  1423  2380 E JobScheduler.JobStatus: App com.google.android.apps.tachyon became active but still in NEVER bucket
01-20 12:04:25.838  1423  4745 E JobScheduler.JobStatus: App com.google.android.apps.docs.editors.docs became active but still in NEVER bucket
01-20 12:04:25.840  1423  2698 E JobScheduler.JobStatus: App com.google.android.keep became active but still in NEVER bucket
01-20 12:04:25.857  1423  2380 E JobScheduler.JobStatus: App com.google.android.apps.tachyon became active but still in NEVER bucket
01-20 12:04:25.935  1423  4272 E JobScheduler.JobStatus: App com.google.android.apps.tachyon became active but still in NEVER bucket
01-20 12:04:26.001  1423  1488 E JobScheduler.JobStatus: App com.google.android.keep became active but still in NEVER bucket
01-20 12:04:26.015  1423  4272 E JobScheduler.JobStatus: App com.google.android.apps.docs.editors.docs became active but still in NEVER bucket
01-20 12:04:26.058  1423  4247 E JobScheduler.JobStatus: App com.google.android.contacts became active but still in NEVER bucket
01-20 12:04:26.065  1423  4208 E JobScheduler.JobStatus: App com.google.android.keep became active but still in NEVER bucket
01-20 12:04:26.074  1423  1889 E JobScheduler.JobStatus: App com.google.android.apps.translate became active but still in NEVER bucket
01-20 12:04:26.075  1423  1889 E JobScheduler.JobStatus: App com.google.android.apps.translate became active but still in NEVER bucket
01-20 12:04:26.077  1423  4208 E JobScheduler.JobStatus: App com.google.android.apps.translate became active but still in NEVER bucket
01-20 12:04:26.080  1423  2347 E JobScheduler.JobStatus: App com.google.android.apps.translate became active but still in NEVER bucket
01-20 12:04:26.084  1423  4208 E JobScheduler.JobStatus: App com.google.android.apps.docs.editors.docs became active but still in NEVER bucket
01-20 12:04:26.086  1423  4272 E JobScheduler.JobStatus: App com.google.android.apps.translate became active but still in NEVER bucket
01-20 12:04:26.093  1423  4269 E JobScheduler.JobStatus: App com.google.android.apps.translate became active but still in NEVER bucket
01-20 12:04:26.176  1423  4264 E JobScheduler.JobStatus: App com.google.android.apps.tachyon became active but still in NEVER bucket
01-20 12:04:26.177  1423  1487 E JobScheduler.JobStatus: App com.google.android.keep became active but still in NEVER bucket
01-20 12:04:26.193  1423  4273 E JobScheduler.JobStatus: App com.google.android.keep became active but still in NEVER bucket
01-20 12:04:26.198  1423  4273 E JobScheduler.JobStatus: App com.google.android.apps.translate became active but still in NEVER bucket
01-20 12:04:26.328  1423  4269 E JobScheduler.JobStatus: App com.google.android.apps.tachyon became active but still in NEVER bucket
01-20 12:04:26.367  1423  4270 E JobScheduler.JobStatus: App com.google.android.apps.translate became active but still in NEVER bucket
01-20 12:04:26.372  1423  4252 E JobScheduler.JobStatus: App com.google.android.apps.docs.editors.docs became active but still in NEVER bucket
01-20 12:04:26.424  1423  4252 E JobScheduler.JobStatus: App com.google.android.keep became active but still in NEVER bucket
01-20 12:04:26.449  1423  4211 E JobScheduler.JobStatus: App com.google.android.keep became active but still in NEVER bucket
01-20 12:04:26.492  1423  2347 E JobScheduler.JobStatus: App com.google.android.apps.docs.editors.docs became active but still in NEVER bucket
01-20 12:04:26.494  1423  4247 E JobScheduler.JobStatus: App com.google.android.apps.translate became active but still in NEVER bucket
01-20 12:04:26.550  1423  2347 E JobScheduler.JobStatus: App com.google.android.apps.translate became active but still in NEVER bucket
01-20 12:04:26.558  1423  4745 E JobScheduler.JobStatus: App com.google.android.keep became active but still in NEVER bucket
01-20 12:04:26.632  1423  2381 E JobScheduler.JobStatus: App com.google.android.contacts became active but still in NEVER bucket
01-20 12:04:26.683  1423  2381 E JobScheduler.JobStatus: App com.google.android.apps.translate became active but still in NEVER bucket
01-20 12:04:26.892  1423  4272 E JobScheduler.JobStatus: App com.google.android.apps.translate became active but still in NEVER bucket
01-20 12:04:26.896  1423  4273 E JobScheduler.JobStatus: App com.google.android.apps.tachyon became active but still in NEVER bucket
01-20 12:04:26.967  1423  2381 E JobScheduler.JobStatus: App com.google.android.apps.tachyon became active but still in NEVER bucket
01-20 12:04:27.017  1423  4273 E JobScheduler.JobStatus: App com.google.android.apps.translate became active but still in NEVER bucket
01-20 12:04:27.067  1423  2381 E JobScheduler.JobStatus: App com.google.android.apps.tachyon became active but still in NEVER bucket
01-20 12:04:27.114  1423  2093 E JobScheduler.JobStatus: App com.google.android.apps.tachyon became active but still in NEVER bucket
01-20 12:04:27.118  1423  4273 E JobScheduler.JobStatus: App com.google.android.apps.tachyon became active but still in NEVER bucket
01-20 12:04:27.151  1423  1865 E JobScheduler.JobStatus: App com.google.android.apps.tachyon became active but still in NEVER bucket
01-20 12:04:27.247  1423  4270 E JobScheduler.JobStatus: App com.google.android.apps.translate became active but still in NEVER bucket
01-20 12:04:27.250  1423  4253 E JobScheduler.JobStatus: App com.google.android.apps.tachyon became active but still in NEVER bucket
01-20 12:04:27.259  1423  4253 E JobScheduler.JobStatus: App com.google.android.apps.translate became active but still in NEVER bucket
01-20 12:04:27.439  1423  4264 E JobScheduler.JobStatus: App com.google.android.apps.translate became active but still in NEVER bucket
01-20 12:04:27.539  1423  4208 E JobScheduler.JobStatus: App com.google.android.apps.tachyon became active but still in NEVER bucket
01-20 12:04:27.654  1423  2384 E JobScheduler.JobStatus: App com.google.android.keep became active but still in NEVER bucket
01-20 12:04:27.707  1423  4264 E JobScheduler.JobStatus: App com.google.android.apps.tachyon became active but still in NEVER bucket
01-20 12:04:27.742  1423  2347 E JobScheduler.JobStatus: App com.google.android.keep became active but still in NEVER bucket
01-20 12:04:28.031  3725  3725 E logbuffer_pcie0: [  704] OC Initial Status check: 0x5FC(0xf0)
01-20 12:04:28.188  3725  3725 E logbuffer_pcie0: [  707] OC Initial Status check: 0x5FC(0xf0)
01-20 12:04:28.221  1423  4247 E JobScheduler.JobStatus: App com.google.android.apps.tachyon became active but still in NEVER bucket
01-20 12:04:28.242  1423  1865 E JobScheduler.JobStatus: App com.google.android.apps.tachyon became active but still in NEVER bucket
01-20 12:04:28.349  1423  2347 E JobScheduler.JobStatus: App com.google.android.apps.docs.editors.docs became active but still in NEVER bucket
01-20 12:04:28.497  3725  3725 E logbuffer_pcie0: [  710] OC Initial Status check: 0x5FC(0xf0)
01-20 12:04:28.858  2718  5502 E ActivityThread: Failed to find provider info for 20:F0:94:4B:FF:5C
01-20 12:04:29.186  1423  4208 E JobScheduler.JobStatus: App com.google.android.keep became active but still in NEVER bucket
01-20 12:04:29.248  1423  9477 E SettingsToPropertiesMapper: key=persist.device_config.configuration.AdbWritableFlags__adb_writable_flags_list value=adservices/disable_sdk_sandbox,adservices/enforce_broadcast_receiver_restrictions,adservices/fledge_ad_selection_enforce_foreground_status_custom_audience,adservices/fledge_custom_audience_max_count,adservices/fledge_custom_audience_max_num_ads,adservices/fledge_custom_audience_max_owner_count,adservices/fledge_custom_audience_per_app_max_count,adservices/fledge_js_isolate_enforce_max_heap_size,adservices/fledge_js_isolate_max_heap_size_bytes,adservices/sdk_request_permits_per_second,adservices/sdksandbox_customized_sdk_context_enabled,configuration/namespace_to_package_mapping,constrain_display_apis/always_constrain_display_apis,constrain_display_apis/never_constrain_display_apis,constrain_display_apis/never_constrain_display_apis_all_packages,device_policy_manager/disable_resources_updatability,flipendo/default_savings_mode_launch,flipendo/essential_apps,flipendo/flipendo_enabled_launch,flipendo/grayscale_enabled_launch,flipendo/lever_ble_scanning_enabled_launch,flipendo/lever_hotspot_enabled_launch,flipendo/lever_work_profile_enabled_launch,flipendo/resuspend_delay_minutes,namespace/key,namespace1/key1,namespace1/key2,namespace2/key1,namespace2/key2,package_manager_service/incfs_default_timeouts,package_manager_service/known_digesters_list,privacy/location_access_check_periodic_interval_millis,rollback/enable_rollback_timeout,rollback/watchdog_explicit_health_check_enabled,rollback/watchdog_request_timeout_millis,rollback/watchdog_trigger_failure_count,rollback/watchdog_trigger_failure_duration_millis,rollback_boot/rollback_lifetime_in_millis,systemui/nas_generate_actions,systemui/nas_generate_replies,systemui/nas_max_messages_to_extract,systemui/nas_max_suggestions,testspace/another,testspace/flagname,textclassifier/config_updater_model_enabled,textclassifier/key,textclassifier/key2,textclassifier/manifest_url_annotator_en,textclassifier/manifest_url_annotator_ru,textclassifier/model_download_backoff_delay_in_millis,textclassifier/model_download_manager_enabled,textclassifier/multi_language_support_enabled,textclassifier/testing_locale_list_override,textclassifier/textclassifier_service_package_override,window_manager/enable_default_rescind_bal_privileges_from_pending_intent_sender,wrong/nas_generate_replies, exceeds system property max length.
01-20 12:04:29.280  2490  2490 E ActivityThread: Activity com.google.android.apps.nexuslauncher.NexusLauncherActivity has leaked IntentReceiver com.android.launcher3.util.SimpleBroadcastReceiver@70f4f2d that was originally registered here. Are you missing a call to unregisterReceiver()?
01-20 12:04:29.280  2490  2490 E ActivityThread: android.app.IntentReceiverLeaked: Activity com.google.android.apps.nexuslauncher.NexusLauncherActivity has leaked IntentReceiver com.android.launcher3.util.SimpleBroadcastReceiver@70f4f2d that was originally registered here. Are you missing a call to unregisterReceiver()?
01-20 12:04:29.280  2490  2490 E ActivityThread: 	at android.app.LoadedApk$ReceiverDispatcher.<init>(LoadedApk.java:1971)
01-20 12:04:29.280  2490  2490 E ActivityThread: 	at android.app.LoadedApk.getReceiverDispatcher(LoadedApk.java:1711)
01-20 12:04:29.280  2490  2490 E ActivityThread: 	at android.app.ContextImpl.registerReceiverInternal(ContextImpl.java:1972)
01-20 12:04:29.280  2490  2490 E ActivityThread: 	at android.app.ContextImpl.registerReceiver(ContextImpl.java:1931)
01-20 12:04:29.280  2490  2490 E ActivityThread: 	at android.content.ContextWrapper.registerReceiver(ContextWrapper.java:812)
01-20 12:04:29.280  2490  2490 E ActivityThread: 	at android.content.ContextWrapper.registerReceiver(ContextWrapper.java:812)
01-20 12:04:29.280  2490  2490 E ActivityThread: 	at com.android.launcher3.util.SimpleBroadcastReceiver$register$1$1.run(go/retraceme 7f25100118474ef18f62f9ebf2467d0f2e62d94bfd83166ea27ccce49df1b4bd:15)
01-20 12:04:29.280  2490  2490 E ActivityThread: 	at android.os.Handler.handleCallback(Handler.java:1095)
01-20 12:04:29.280  2490  2490 E ActivityThread: 	at android.os.Handler.dispatchMessageImpl(Handler.java:135)
01-20 12:04:29.280  2490  2490 E ActivityThread: 	at android.os.Handler.dispatchMessage(Handler.java:125)
01-20 12:04:29.280  2490  2490 E ActivityThread: 	at android.os.Looper.loopOnce(Looper.java:269)
01-20 12:04:29.280  2490  2490 E ActivityThread: 	at android.os.Looper.loop(Looper.java:367)
01-20 12:04:29.280  2490  2490 E ActivityThread: 	at android.os.HandlerThread.run(HandlerThread.java:139)
01-20 12:04:29.281  2490  2490 E ActivityThread: Activity com.google.android.apps.nexuslauncher.NexusLauncherActivity has leaked IntentReceiver x7.i0@f60010c that was originally registered here. Are you missing a call to unregisterReceiver()?
01-20 12:04:29.281  2490  2490 E ActivityThread: android.app.IntentReceiverLeaked: Activity com.google.android.apps.nexuslauncher.NexusLauncherActivity has leaked IntentReceiver x7.i0@f60010c that was originally registered here. Are you missing a call to unregisterReceiver()?
01-20 12:04:29.281  2490  2490 E ActivityThread: 	at android.app.LoadedApk$ReceiverDispatcher.<init>(LoadedApk.java:1971)
01-20 12:04:29.281  2490  2490 E ActivityThread: 	at android.app.LoadedApk.getReceiverDispatcher(LoadedApk.java:1711)
01-20 12:04:29.281  2490  2490 E ActivityThread: 	at android.app.ContextImpl.registerReceiverInternal(ContextImpl.java:1972)
01-20 12:04:29.281  2490  2490 E ActivityThread: 	at android.app.ContextImpl.registerReceiver(ContextImpl.java:1924)
01-20 12:04:29.281  2490  2490 E ActivityThread: 	at android.app.ContextImpl.registerReceiver(ContextImpl.java:1912)
01-20 12:04:29.281  2490  2490 E ActivityThread: 	at android.content.ContextWrapper.registerReceiver(ContextWrapper.java:793)
01-20 12:04:29.281  2490  2490 E ActivityThread: 	at android.content.ContextWrapper.registerReceiver(ContextWrapper.java:793)
01-20 12:04:29.281  2490  2490 E ActivityThread: 	at com.google.android.systemui.smartspace.IcuDateTextView$$ExternalSyntheticLambda4.run(go/retraceme 7f25100118474ef18f62f9ebf2467d0f2e62d94bfd83166ea27ccce49df1b4bd:13)
01-20 12:04:29.281  2490  2490 E ActivityThread: 	at android.os.Handler.handleCallback(Handler.java:1095)
01-20 12:04:29.281  2490  2490 E ActivityThread: 	at android.os.Handler.dispatchMessageImpl(Handler.java:135)
01-20 12:04:29.281  2490  2490 E ActivityThread: 	at android.os.Handler.dispatchMessage(Handler.java:125)
01-20 12:04:29.281  2490  2490 E ActivityThread: 	at android.os.Looper.loopOnce(Looper.java:269)
01-20 12:04:29.281  2490  2490 E ActivityThread: 	at android.os.Looper.loop(Looper.java:367)
01-20 12:04:29.281  2490  2490 E ActivityThread: 	at android.os.HandlerThread.run(HandlerThread.java:139)
01-20 12:04:29.350  1423  4208 E JobScheduler.JobStatus: App com.google.android.apps.translate became active but still in NEVER bucket
01-20 12:04:29.441  1423  1865 E JobScheduler.JobStatus: App com.google.android.apps.tachyon became active but still in NEVER bucket
01-20 12:04:29.551  1423  9477 E SettingsToPropertiesMapper: Unable to set property persist.device_config.computer_control.test_flag value 'false'
01-20 12:04:29.551  1423  9477 E SettingsToPropertiesMapper: java.lang.RuntimeException: failed to set system property "persist.device_config.computer_control.test_flag" to "false" (check logcat for reason)
01-20 12:04:29.551  1423  9477 E SettingsToPropertiesMapper: 	at android.os.SystemProperties.native_set(Native Method)
01-20 12:04:29.551  1423  9477 E SettingsToPropertiesMapper: 	at android.os.SystemProperties.set(SystemProperties.java:237)
01-20 12:04:29.551  1423  9477 E SettingsToPropertiesMapper: 	at com.android.server.am.SettingsToPropertiesMapper.setProperty(SettingsToPropertiesMapper.java:576)
