01-20 12:04:29.551  1423  9477 E SettingsToPropertiesMapper: 	at com.android.server.am.SettingsToPropertiesMapper.lambda$updatePropertiesFromSettings$0(SettingsToPropertiesMapper.java:203)
01-20 12:04:29.551  1423  9477 E SettingsToPropertiesMapper: 	at com.android.server.am.SettingsToPropertiesMapper.$r8$lambda$EgBV8Dz39zCT3L1Nko75WeB64pU(SettingsToPropertiesMapper.java:0)
01-20 12:04:29.551  1423  9477 E SettingsToPropertiesMapper: 	at com.android.server.am.SettingsToPropertiesMapper$$ExternalSyntheticLambda0.onPropertiesChanged(R8$$SyntheticClass:0)
01-20 12:04:29.551  1423  9477 E SettingsToPropertiesMapper: 	at android.provider.DeviceConfig.lambda$handleChange$1(DeviceConfig.java:1796)
01-20 12:04:29.551  1423  9477 E SettingsToPropertiesMapper: 	at android.provider.DeviceConfig$$ExternalSyntheticLambda0.run(D8$$SyntheticClass:0)
01-20 12:04:29.551  1423  9477 E SettingsToPropertiesMapper: 	at java.util.concurrent.ThreadPoolExecutor.runWorker(ThreadPoolExecutor.java:1154)
01-20 12:04:29.551  1423  9477 E SettingsToPropertiesMapper: 	at java.util.concurrent.ThreadPoolExecutor$Worker.run(ThreadPoolExecutor.java:652)
01-20 12:04:29.551  1423  9477 E SettingsToPropertiesMapper: 	at java.lang.Thread.run(Thread.java:1563)
01-20 12:04:29.552  1423  4857 E JobScheduler.JobStatus: App com.google.android.keep became active but still in NEVER bucket
01-20 12:04:29.556   998   998 E exynos-adv-tracer 18360000.exynos-adv_tracer: error return in ipc (2)
01-20 12:04:29.556   998   998 E etm2dram: etm2dram_delayed_start() ipc (channel=2) failed: -22
01-20 12:04:29.557   370   370 E init    : Unable to set property 'persist.device_config.computer_control.test_flag' from uid:1000 gid:1000 pid:1423: SELinux permission check failed
01-20 12:04:29.629  1423  4745 E JobScheduler.JobStatus: App com.google.android.apps.tachyon became active but still in NEVER bucket
01-20 12:04:29.696  1423  1423 E DeviceConfig: Parsing int failed for location_mode
01-20 12:04:30.014 10259 10259 E logbuffer_pcie0: [  713] OC Initial Status check: 0x5FC(0xf0)
01-20 12:04:30.943   557   586 E keystore2: system/security/keystore2/src/error.rs:185 - system/security/keystore2/src/security_level.rs:334
01-20 12:04:30.943   557   586 E keystore2: 
01-20 12:04:30.943   557   586 E keystore2: Caused by:
01-20 12:04:30.943   557   586 E keystore2:     0: system/security/keystore2/src/enforcements.rs:596: matching auth token (challenge=0, userId=2602141199830652794, authId=0, authType=0x1, timestamp=1647770ms) rcved=BootTime(1636691) for sids [SecureUserId(2602141199830652794)] type Some(3) is expired (19s old > timeout=10s)
01-20 12:04:30.943   557   586 E keystore2:     1: Error::Km(r#KEY_USER_NOT_AUTHENTICATED)
01-20 12:04:31.384  1423  9477 E SettingsToPropertiesMapper: key=persist.device_config.configuration.AdbWritableFlags__adb_writable_flags_list value=adservices/disable_sdk_sandbox,adservices/enforce_broadcast_receiver_restrictions,adservices/fledge_ad_selection_enforce_foreground_status_custom_audience,adservices/fledge_custom_audience_max_count,adservices/fledge_custom_audience_max_num_ads,adservices/fledge_custom_audience_max_owner_count,adservices/fledge_custom_audience_per_app_max_count,adservices/fledge_js_isolate_enforce_max_heap_size,adservices/fledge_js_isolate_max_heap_size_bytes,adservices/sdk_request_permits_per_second,adservices/sdksandbox_customized_sdk_context_enabled,configuration/namespace_to_package_mapping,constrain_display_apis/always_constrain_display_apis,constrain_display_apis/never_constrain_display_apis,constrain_display_apis/never_constrain_display_apis_all_packages,device_policy_manager/disable_resources_updatability,flipendo/default_savings_mode_launch,flipendo/essential_apps,flipendo/flipendo_enabled_launch,flipendo/grayscale_enabled_launch,flipendo/lever_ble_scanning_enabled_launch,flipendo/lever_hotspot_enabled_launch,flipendo/lever_work_profile_enabled_launch,flipendo/resuspend_delay_minutes,namespace/key,namespace1/key1,namespace1/key2,namespace2/key1,namespace2/key2,package_manager_service/incfs_default_timeouts,package_manager_service/known_digesters_list,privacy/location_access_check_periodic_interval_millis,rollback/enable_rollback_timeout,rollback/watchdog_explicit_health_check_enabled,rollback/watchdog_request_timeout_millis,rollback/watchdog_trigger_failure_count,rollback/watchdog_trigger_failure_duration_millis,rollback_boot/rollback_lifetime_in_millis,systemui/nas_generate_actions,systemui/nas_generate_replies,systemui/nas_max_messages_to_extract,systemui/nas_max_suggestions,testspace/another,testspace/flagname,textclassifier/config_updater_model_enabled,textclassifier/key,textclassifier/key2,textclassifier/manifest_url_annotator_en,textclassifier/manifest_url_annotator_ru,textclassifier/model_download_backoff_delay_in_millis,textclassifier/model_download_manager_enabled,textclassifier/multi_language_support_enabled,textclassifier/testing_locale_list_override,textclassifier/textclassifier_service_package_override,window_manager/enable_default_rescind_bal_privileges_from_pending_intent_sender,wrong/nas_generate_replies, exceeds system property max length.
01-20 12:04:31.750   370   370 E init    : Unable to set property 'persist.device_config.computer_control.test_flag' from uid:1000 gid:1000 pid:1423: SELinux permission check failed
01-20 12:04:31.746  1423  9477 E SettingsToPropertiesMapper: Unable to set property persist.device_config.computer_control.test_flag value 'false'
01-20 12:04:31.746  1423  9477 E SettingsToPropertiesMapper: java.lang.RuntimeException: failed to set system property "persist.device_config.computer_control.test_flag" to "false" (check logcat for reason)
01-20 12:04:31.746  1423  9477 E SettingsToPropertiesMapper: 	at android.os.SystemProperties.native_set(Native Method)
01-20 12:04:31.746  1423  9477 E SettingsToPropertiesMapper: 	at android.os.SystemProperties.set(SystemProperties.java:237)
01-20 12:04:31.746  1423  9477 E SettingsToPropertiesMapper: 	at com.android.server.am.SettingsToPropertiesMapper.setProperty(SettingsToPropertiesMapper.java:576)
01-20 12:04:31.746  1423  9477 E SettingsToPropertiesMapper: 	at com.android.server.am.SettingsToPropertiesMapper.lambda$updatePropertiesFromSettings$0(SettingsToPropertiesMapper.java:203)
01-20 12:04:31.746  1423  9477 E SettingsToPropertiesMapper: 	at com.android.server.am.SettingsToPropertiesMapper.$r8$lambda$EgBV8Dz39zCT3L1Nko75WeB64pU(SettingsToPropertiesMapper.java:0)
01-20 12:04:31.746  1423  9477 E SettingsToPropertiesMapper: 	at com.android.server.am.SettingsToPropertiesMapper$$ExternalSyntheticLambda0.onPropertiesChanged(R8$$SyntheticClass:0)
01-20 12:04:31.746  1423  9477 E SettingsToPropertiesMapper: 	at android.provider.DeviceConfig.lambda$handleChange$1(DeviceConfig.java:1796)
01-20 12:04:31.746  1423  9477 E SettingsToPropertiesMapper: 	at android.provider.DeviceConfig$$ExternalSyntheticLambda0.run(D8$$SyntheticClass:0)
01-20 12:04:31.746  1423  9477 E SettingsToPropertiesMapper: 	at java.util.concurrent.ThreadPoolExecutor.runWorker(ThreadPoolExecutor.java:1154)
01-20 12:04:31.746  1423  9477 E SettingsToPropertiesMapper: 	at java.util.concurrent.ThreadPoolExecutor$Worker.run(ThreadPoolExecutor.java:652)
01-20 12:04:31.746  1423  9477 E SettingsToPropertiesMapper: 	at java.lang.Thread.run(Thread.java:1563)
01-20 12:04:31.895  1423  1423 E DeviceConfig: Parsing int failed for location_mode
01-20 12:04:32.062  1423  9477 E SettingsToPropertiesMapper: key=persist.device_config.storage_native_boot.transcode_compat_manifest value=com.yelp.android,0,com.yy.biu,0,com.groupme.android,0,air.tv.douyu.android,0,com.baidu.mbaby,0,com.vlocker.locker,0,com.znxh.hyhuo,0,com.yixia.xiaokaxiu,0 exceeds system property max length.
01-20 12:04:32.580     1     1 E libprocessgroup: Failed to write 1 to /sys/fs/cgroup/system/uid_1000/pid_9116/cgroup.kill: No such file or directory
01-20 12:04:32.580     1     1 E libprocessgroup: Failed to open /sys/fs/cgroup/system/uid_1000/pid_9116/cgroup.procs: No such file or directory
01-20 12:04:32.603  3829  3829 E logbuffer_pcie0: [  716] OC Initial Status check: 0x5FC(0xf0)
01-20 12:04:34.164  1423  4208 E JobScheduler.JobStatus: App com.google.android.apps.maps became active but still in NEVER bucket
01-20 12:04:34.191  1423  4745 E JobScheduler.JobStatus: App com.google.android.apps.maps became active but still in NEVER bucket
01-20 12:04:34.206  1094  1094 E dwc3 11210000.dwc3: request 0000000000000000 was not queued to ep0out
01-20 12:04:34.206  1094  1094 E dwc3 11210000.dwc3: request 0000000000000000 was not queued to ep0out
01-20 12:04:34.518  3829  3829 E logbuffer_pcie0: [  719] OC Initial Status check: 0x5FC(0xf0)
01-20 12:04:35.300  1423  4745 E JobScheduler.JobStatus: App com.google.android.contacts became active but still in NEVER bucket
01-20 12:04:35.410   499   499 E SELinux : avc:  denied  { find } for pid=10578 uid=10256 name=vendor.google.bluetooth_ext.IBluetoothCco/default scontext=u:r:dcservice_app:s0:c512,c768 tcontext=u:object_r:hal_bluetooth_coexistence_service:s0 tclass=service_manager permissive=0
01-20 12:04:35.426   499   499 E SELinux : avc:  denied  { find } for pid=10578 uid=10256 name=vendor.google.bluetooth_ext.IBluetoothCco/default scontext=u:r:dcservice_app:s0:c512,c768 tcontext=u:object_r:hal_bluetooth_coexistence_service:s0 tclass=service_manager permissive=0
01-20 12:04:36.157  7483  7483 E dwc3 11210000.dwc3: request 0000000000000000 was not queued to ep0out
01-20 12:04:36.157  7483  7483 E dwc3 11210000.dwc3: request 0000000000000000 was not queued to ep0out
01-20 12:04:36.755  1423  4745 E JobScheduler.JobStatus: App com.google.android.videos became active but still in NEVER bucket
01-20 12:04:37.117  1423  4270 E JobScheduler.JobStatus: App com.google.android.contacts became active but still in NEVER bucket
01-20 12:04:37.576 10687 10742 E ActivityThread: Failed to find provider info for com.google.android.instantapps.supervisor.SupervisorArchiveProvider
01-20 12:04:38.528  2915 10790 E ActivityThread: Failed to find provider info for subscribedfeeds
01-20 12:04:38.528  2915 10790 E ActivityThread: Failed to find provider info for subscribedfeeds
01-20 12:04:38.534   499   499 E SELinux : avc:  denied  { find } for pid=10578 uid=10256 name=vendor.google.bluetooth_ext.IBluetoothCco/default scontext=u:r:dcservice_app:s0:c512,c768 tcontext=u:object_r:hal_bluetooth_coexistence_service:s0 tclass=service_manager permissive=0
01-20 12:04:40.110  3918  3918 E logbuffer_pcie0: [  722] OC Initial Status check: 0x5FC(0xf0)
01-20 12:04:41.564   499   499 E SELinux : avc:  denied  { find } for pid=10578 uid=10256 name=vendor.google.bluetooth_ext.IBluetoothCco/default scontext=u:r:dcservice_app:s0:c512,c768 tcontext=u:object_r:hal_bluetooth_coexistence_service:s0 tclass=service_manager permissive=0
01-20 12:04:41.720   557 10266 E keystore2: system/security/keystore2/src/error.rs:185 - system/security/keystore2/src/security_level.rs:334
01-20 12:04:41.720   557 10266 E keystore2: 
01-20 12:04:41.720   557 10266 E keystore2: Caused by:
01-20 12:04:41.720   557 10266 E keystore2:     0: system/security/keystore2/src/enforcements.rs:596: matching auth token (challenge=0, userId=2602141199830652794, authId=0, authType=0x1, timestamp=1647770ms) rcved=BootTime(1636691) for sids [SecureUserId(2602141199830652794)] type Some(3) is expired (29s old > timeout=10s)
01-20 12:04:41.720   557 10266 E keystore2:     1: Error::Km(r#KEY_USER_NOT_AUTHENTICATED)
01-20 12:04:42.034  2718  5502 E ActivityThread: Failed to find provider info for 20:F0:94:4B:FF:5C
01-20 12:04:42.085  1423  1809 E JobScheduler.JobStatus: App com.google.android.contacts became active but still in NEVER bucket
01-20 12:04:42.348 10259 10259 E logbuffer_pcie0: [  725] OC Initial Status check: 0x5FC(0xf0)
01-20 12:04:42.519   557   557 E keystore2: system/security/keystore2/src/error.rs:185 - system/security/keystore2/src/security_level.rs:334
01-20 12:04:42.519   557   557 E keystore2: 
01-20 12:04:42.519   557   557 E keystore2: Caused by:
01-20 12:04:42.519   557   557 E keystore2:     0: system/security/keystore2/src/enforcements.rs:596: matching auth token (challenge=0, userId=2602141199830652794, authId=0, authType=0x1, timestamp=1647770ms) rcved=BootTime(1636691) for sids [SecureUserId(2602141199830652794)] type Some(3) is expired (30s old > timeout=10s)
01-20 12:04:42.519   557   557 E keystore2:     1: Error::Km(r#KEY_USER_NOT_AUTHENTICATED)
01-20 12:04:42.825 10259 10259 E logbuffer_pcie0: [  728] OC Initial Status check: 0x5FC(0xf0)
01-20 12:04:43.103  3918  3918 E logbuffer_pcie0: [  731] OC Initial Status check: 0x5FC(0xf0)
01-20 12:04:43.265  1423  4745 E JobScheduler.JobStatus: App com.google.android.contacts became active but still in NEVER bucket
01-20 12:04:43.685 10259 10259 E logbuffer_pcie0: [  734] OC Initial Status check: 0x5FC(0xf0)
01-20 12:04:44.044   557   586 E keystore2: system/security/keystore2/src/error.rs:185 - system/security/keystore2/src/security_level.rs:334
01-20 12:04:44.044   557   586 E keystore2: 
01-20 12:04:44.044   557   586 E keystore2: Caused by:
01-20 12:04:44.044   557   586 E keystore2:     0: system/security/keystore2/src/enforcements.rs:596: matching auth token (challenge=0, userId=2602141199830652794, authId=0, authType=0x1, timestamp=1647770ms) rcved=BootTime(1636691) for sids [SecureUserId(2602141199830652794)] type Some(3) is expired (32s old > timeout=10s)
01-20 12:04:44.044   557   586 E keystore2:     1: Error::Km(r#KEY_USER_NOT_AUTHENTICATED)
01-20 12:04:44.498  1423  4264 E AppOps  : Bad call made by uid 1000. Package "com.google.android.googlequicksearchbox" does not belong to uid 1000.
01-20 12:04:44.557   998   998 E exynos-adv-tracer 18360000.exynos-adv_tracer: error return in ipc (2)
01-20 12:04:44.557   998   998 E etm2dram: etm2dram_delayed_start() ipc (channel=2) failed: -22
01-20 12:04:51.161 10259 10259 E logbuffer_pcie0: [  737] OC Initial Status check: 0x5FC(0xf0)
01-20 12:04:52.092  1423  2345 E JobScheduler.JobStatus: App com.google.android.contacts became active but still in NEVER bucket
01-20 12:04:53.160  1423  4272 E JobScheduler.JobStatus: App com.google.android.contacts became active but still in NEVER bucket
01-20 12:04:59.558   998   998 E exynos-adv-tracer 18360000.exynos-adv_tracer: error return in ipc (2)
01-20 12:04:59.558   998   998 E etm2dram: etm2dram_delayed_start() ipc (channel=2) failed: -22
01-20 12:05:03.096  1116  1116 E logbuffer_pcie1: [  740] OC Initial Status check: 0x5FC(0xf0)
01-20 12:05:03.203  2718  5502 E ActivityThread: Failed to find provider info for 20:F0:94:4B:FF:5C
01-20 12:05:04.207  1116  1116 E logbuffer_pcie1: [  743] OC Initial Status check: 0x5FC(0xf0)
01-20 12:05:06.370  1116  1116 E logbuffer_pcie1: [  746] OC Initial Status check: 0x5FC(0xf0)
01-20 12:05:09.516  1116  1116 E logbuffer_pcie1: [  749] OC Initial Status check: 0x5FC(0xf0)
01-20 12:05:11.840  1116  1116 E logbuffer_pcie1: [  752] OC Initial Status check: 0x5FC(0xf0)
--------- beginning of main
01-20 12:05:12.316   992   992 E WifiHAL : wifi_reset_tx_power_scenario
01-20 12:05:12.335 10259 10259 E logbuffer_pcie0: [  755] OC Initial Status check: 0x5FC(0xf0)
01-20 12:05:12.945 10259 10259 E logbuffer_pcie0: [  758] OC Initial Status check: 0x5FC(0xf0)
01-20 12:05:13.451  1423  2345 E WifiService: Attempt to retrieve passpoint with invalid scanResult List
01-20 12:05:13.456  2528 11368 E WifiScanner: listener does not exist
01-20 12:05:13.491  2477  3113 E SatelliteController: registerForSatelliteModemStateChanged: mSatelliteSessionController is not initialized yet
01-20 12:05:13.502  2477  3113 E SatelliteController: registerForSatelliteModemStateChanged: mSatelliteSessionController is not initialized yet
01-20 12:05:13.503  2477  3113 E SatelliteController: registerForSatelliteModemStateChanged: mSatelliteSessionController is not initialized yet
01-20 12:05:14.558   998   998 E exynos-adv-tracer 18360000.exynos-adv_tracer: error return in ipc (2)
01-20 12:05:14.558   998   998 E etm2dram: etm2dram_delayed_start() ipc (channel=2) failed: -22
01-20 12:05:15.724  1116  1116 E logbuffer_pcie1: [  765] OC Initial Status check: 0x5FC(0xf0)
01-20 12:05:15.817   992   992 E libbinder.IPCThreadState: binder thread pool (1 threads) starved for 100 ms
01-20 12:05:17.505  1423  1528 E ActivityManager: Unable to freeze binder for 6525: -11
01-20 12:05:17.541  1423  1423 E JobServiceContext: Binding died for com.android.vending but no running job on this context
01-20 12:05:17.584  1423  2036 E AppOps  : attributionTag VCN not declared in manifest of android
01-20 12:05:17.586  2477  2477 E SmsApplication: com.google.android.apps.messaging lost android:read_cell_broadcasts:  (fixing)
01-20 12:05:17.633  1116  1116 E logbuffer_pcie1: [  768] OC Initial Status check: 0x5FC(0xf0)
01-20 12:05:17.609  1423  1423 E JobServiceContext: Binding died for com.android.vending but no running job on this context
01-20 12:05:17.611  2477  2671 E SatelliteAppTracker: packageName: com.android.vending, value: null
01-20 12:05:17.613  2477  2671 E SatelliteAppTracker: packageName: com.android.vending, value: null
01-20 12:05:17.672  1423  2094 E system_server: No package ID 7f found for resource ID 0x7f0804c8.
01-20 12:05:17.672  1423  2094 E system_server: No package ID 7f found for resource ID 0x7f140bae.
01-20 12:05:17.703  1423  3427 E RoleControllerServiceImpl: Default/fallback role holder package doesn't qualify for the role, package: com.google.android.gms.supervision, role: android.app.role.SYSTEM_SUPERVISION, user: 0
01-20 12:05:17.710  2477  2477 E SmsApplication: com.google.android.apps.messaging lost android:read_cell_broadcasts:  (fixing)
01-20 12:05:17.728  2477  2477 E SmsApplication: com.google.android.apps.messaging lost android:read_cell_broadcasts:  (fixing)
01-20 12:05:17.741  2477  2477 E VvmPkgInstalledRcvr: carrierVvmPkgAdded: cannot create TelephonyManager from ComponentInfo{com.android.phone/com.android.services.telephony.TelephonyConnectionService}, E, UserHandle{0}
01-20 12:05:17.801  3829  3829 E logbuffer_pcie0: [  771] OC Initial Status check: 0x5FC(0xf0)
01-20 12:05:17.799  1423  3427 E RoleControllerServiceImpl: Default/fallback role holder package doesn't qualify for the role, package: com.google.android.gms, role: android.app.role.SYSTEM_DEPENDENCY_INSTALLER, user: 0
01-20 12:05:18.410  4760  5120 E ejaf    : Unrecognized recognizer for [en-CA, 8046]: 41. Ignoring it and its associated features.
01-20 12:05:18.411  4760  5468 E ejaf    : Unrecognized recognizer for [en-CA, 8046]: 41. Ignoring it and its associated features.
01-20 12:05:18.412  4760  5468 E ejaf    : Unrecognized recognizer for [en-CA, 8046]: 41. Ignoring it and its associated features.
01-20 12:05:18.414  4760  5120 E ejaf    : Unrecognized recognizer for [en-CA, 8046]: 41. Ignoring it and its associated features.
01-20 12:05:18.415  4760  5577 E ejaf    : Unrecognized recognizer for [en-CA, 8046]: 41. Ignoring it and its associated features.
01-20 12:05:18.416  4760  5577 E ejaf    : Unrecognized recognizer for [en-CA, 8046]: 41. Ignoring it and its associated features.
01-20 12:05:18.489  4760  5470 E ejaf    : Unrecognized recognizer for [en-CA, 8046]: 41. Ignoring it and its associated features.
01-20 12:05:18.491  4760  5470 E ejaf    : Unrecognized recognizer for [en-CA, 8046]: 41. Ignoring it and its associated features.
01-20 12:05:18.586  1423  4247 E AppOps  : attributionTag VCN not declared in manifest of android
01-20 12:05:18.610  4760  7212 E SpeechMicro: Hotword model is single-channel neuralnet.
01-20 12:05:18.661  2718  4848 E UsageReportingOptionsSt: INTERNAL_ERROR: setOptInOption should not be called while user is locked. [CONTEXT service_id=41 ]
01-20 12:05:18.661  4760  7212 E SpeechMicro: Hotword model is single-channel neuralnet.
01-20 12:05:18.686  2718  4396 E ffaf    : Exception occurred while getting SettingsStore instance.
01-20 12:05:18.686  2718  4396 E ffaf    : java.util.concurrent.ExecutionException: com.google.android.gms.auth.UserRecoverableAuthException: BadAuthentication
01-20 12:05:18.686  2718  4396 E ffaf    : 	at gsde.j(:com.google.android.gms@254730035@25.47.30 (260400-833691957):21)
01-20 12:05:18.686  2718  4396 E ffaf    : 	at gsdn.v(:com.google.android.gms@254730035@25.47.30 (260400-833691957):31)
01-20 12:05:18.686  2718  4396 E ffaf    : 	at gsde.get(:com.google.android.gms@254730035@25.47.30 (260400-833691957):6)
01-20 12:05:18.686  2718  4396 E ffaf    : 	at ffaf.c(:com.google.android.gms@254730035@25.47.30 (260400-833691957):16)
01-20 12:05:18.686  2718  4396 E ffaf    : 	at ffaf.a(:com.google.android.gms@254730035@25.47.30 (260400-833691957):3)
01-20 12:05:18.686  2718  4396 E ffaf    : 	at fexa.g(:com.google.android.gms@254730035@25.47.30 (260400-833691957):286)
01-20 12:05:18.686  2718  4396 E ffaf    : 	at fexa.f(:com.google.android.gms@254730035@25.47.30 (260400-833691957):135)
01-20 12:05:18.686  2718  4396 E ffaf    : 	at coag.fB(:com.google.android.gms@254730035@25.47.30 (260400-833691957):1)
01-20 12:05:18.686  2718  4396 E ffaf    : 	at coak.run(:com.google.android.gms@254730035@25.47.30 (260400-833691957):118)
01-20 12:05:18.686  2718  4396 E ffaf    : 	at gjql.run(:com.google.android.gms@254730035@25.47.30 (260400-833691957):19)
01-20 12:05:18.686  2718  4396 E ffaf    : 	at bden.c(:com.google.android.gms@254730035@25.47.30 (260400-833691957):50)
01-20 12:05:18.686  2718  4396 E ffaf    : 	at bden.run(:com.google.android.gms@254730035@25.47.30 (260400-833691957):73)
01-20 12:05:18.686  2718  4396 E ffaf    : 	at java.util.concurrent.ThreadPoolExecutor.runWorker(ThreadPoolExecutor.java:1154)
01-20 12:05:18.686  2718  4396 E ffaf    : 	at java.util.concurrent.ThreadPoolExecutor$Worker.run(ThreadPoolExecutor.java:652)
01-20 12:05:18.686  2718  4396 E ffaf    : 	at bdke.run(:com.google.android.gms@254730035@25.47.30 (260400-833691957):8)
01-20 12:05:18.686  2718  4396 E ffaf    : 	at java.lang.Thread.run(Thread.java:1563)
01-20 12:05:18.686  2718  4396 E ffaf    : Caused by: com.google.android.gms.auth.UserRecoverableAuthException: BadAuthentication
01-20 12:05:18.686  2718  4396 E ffaf    : 	at adki.l(:com.google.android.gms@254730035@25.47.30 (260400-833691957):94)
01-20 12:05:18.686  2718  4396 E ffaf    : 	at adkc.a(:com.google.android.gms@254730035@25.47.30 (260400-833691957):122)
01-20 12:05:18.686  2718  4396 E ffaf    : 	at adki.m(:com.google.android.gms@254730035@25.47.30 (260400-833691957):34)
01-20 12:05:18.686  2718  4396 E ffaf    : 	at adki.o(:com.google.android.gms@254730035@25.47.30 (260400-833691957):64)
01-20 12:05:18.686  2718  4396 E ffaf    : 	at adki.h(:com.google.android.gms@254730035@25.47.30 (260400-833691957):4)
01-20 12:05:18.686  2718  4396 E ffaf    : 	at adki.i(:com.google.android.gms@254730035@25.47.30 (260400-833691957):8)
01-20 12:05:18.686  2718  4396 E ffaf    : 	at adki.f(:com.google.android.gms@254730035@25.47.30 (260400-833691957):21)
01-20 12:05:18.686  2718  4396 E ffaf    : 	at ffax.call(:com.google.android.gms@254730035@25.47.30 (260400-833691957):15)
01-20 12:05:18.686  2718  4396 E ffaf    : 	at java.util.concurrent.FutureTask.run(FutureTask.java:317)
01-20 12:05:18.686  2718  4396 E ffaf    : 	... 6 more
01-20 12:05:18.704  4760  7212 E SpeechMicro: Hotword model is single-channel neuralnet.
01-20 12:05:18.735  4760  7212 E SpeechMicro: Hotword model is single-channel neuralnet.
01-20 12:05:18.782  4760  7212 E SpeechMicro: Hotword model is single-channel neuralnet.
01-20 12:05:21.499  2718  4417 E gsdv    : Got more than one input Future failure. Logging failures after the first
01-20 12:05:21.499  2718  4417 E gsdv    : java.io.IOException: Unable to create parent directories of /data/user/0/com.google.android.gms/files/mobstore_salt.pb.lock
01-20 12:05:21.499  2718  4417 E gsdv    : 	at gnkk.b(:com.google.android.gms@254730035@25.47.30 (260400-833691957):41)
01-20 12:05:21.499  2718  4417 E gsdv    : 	at fwmg.e(:com.google.android.gms@254730035@25.47.30 (260400-833691957):5)
01-20 12:05:21.499  2718  4417 E gsdv    : 	at fwoz.a(:com.google.android.gms@254730035@25.47.30 (260400-833691957):198)
01-20 12:05:21.499  2718  4417 E gsdv    : 	at fwlm.d(:com.google.android.gms@254730035@25.47.30 (260400-833691957):5)
01-20 12:05:21.499  2718  4417 E gsdv    : 	at fwqz.a(:com.google.android.gms@254730035@25.47.30 (260400-833691957):19)
01-20 12:05:21.499  2718  4417 E gsdv    : 	at gjqg.a(:com.google.android.gms@254730035@25.47.30 (260400-833691957):13)
01-20 12:05:21.499  2718  4417 E gsdv    : 	at gsfk.a(:com.google.android.gms@254730035@25.47.30 (260400-833691957):20)
01-20 12:05:21.499  2718  4417 E gsdv    : 	at gsho.a(:com.google.android.gms@254730035@25.47.30 (260400-833691957):3)
01-20 12:05:21.499  2718  4417 E gsdv    : 	at gsgp.run(:com.google.android.gms@254730035@25.47.30 (260400-833691957):19)
01-20 12:05:21.499  2718  4417 E gsdv    : 	at gshq.run(:com.google.android.gms@254730035@25.47.30 (260400-833691957):5)
01-20 12:05:21.499  2718  4417 E gsdv    : 	at gsfm.run(:com.google.android.gms@254730035@25.47.30 (260400-833691957):20)
01-20 12:05:21.499  2718  4417 E gsdv    : 	at java.util.concurrent.ThreadPoolExecutor.runWorker(ThreadPoolExecutor.java:1154)
01-20 12:05:21.499  2718  4417 E gsdv    : 	at java.util.concurrent.ThreadPoolExecutor$Worker.run(ThreadPoolExecutor.java:652)
01-20 12:05:21.499  2718  4417 E gsdv    : 	at java.lang.Thread.run(Thread.java:1563)
01-20 12:05:21.505  2718  4417 E gsdv    : Got more than one input Future failure. Logging failures after the first
01-20 12:05:21.505  2718  4417 E gsdv    : java.io.IOException: Unable to create parent directories of /data/user/0/com.google.android.gms/files/mobstore_salt.pb.lock
01-20 12:05:21.505  2718  4417 E gsdv    : 	at gnkk.b(:com.google.android.gms@254730035@25.47.30 (260400-833691957):41)
01-20 12:05:21.505  2718  4417 E gsdv    : 	at fwmg.e(:com.google.android.gms@254730035@25.47.30 (260400-833691957):5)
01-20 12:05:21.505  2718  4417 E gsdv    : 	at fwoz.a(:com.google.android.gms@254730035@25.47.30 (260400-833691957):198)
01-20 12:05:21.505  2718  4417 E gsdv    : 	at fwlm.d(:com.google.android.gms@254730035@25.47.30 (260400-833691957):5)
01-20 12:05:21.505  2718  4417 E gsdv    : 	at fwqz.a(:com.google.android.gms@254730035@25.47.30 (260400-833691957):19)
01-20 12:05:21.505  2718  4417 E gsdv    : 	at gjqg.a(:com.google.android.gms@254730035@25.47.30 (260400-833691957):13)
01-20 12:05:21.505  2718  4417 E gsdv    : 	at gsfk.a(:com.google.android.gms@254730035@25.47.30 (260400-833691957):20)
01-20 12:05:21.505  2718  4417 E gsdv    : 	at gsho.a(:com.google.android.gms@254730035@25.47.30 (260400-833691957):3)
01-20 12:05:21.505  2718  4417 E gsdv    : 	at gsgp.run(:com.google.android.gms@254730035@25.47.30 (260400-833691957):19)
01-20 12:05:21.505  2718  4417 E gsdv    : 	at gshq.run(:com.google.android.gms@254730035@25.47.30 (260400-833691957):5)
01-20 12:05:21.505  2718  4417 E gsdv    : 	at gsfm.run(:com.google.android.gms@254730035@25.47.30 (260400-833691957):20)
01-20 12:05:21.505  2718  4417 E gsdv    : 	at java.util.concurrent.ThreadPoolExecutor.runWorker(ThreadPoolExecutor.java:1154)
01-20 12:05:21.505  2718  4417 E gsdv    : 	at java.util.concurrent.ThreadPoolExecutor$Worker.run(ThreadPoolExecutor.java:652)
01-20 12:05:21.505  2718  4417 E gsdv    : 	at java.lang.Thread.run(Thread.java:1563)
01-20 12:05:21.505  2718  4417 E gsdv    : Got more than one input Future failure. Logging failures after the first
01-20 12:05:21.505  2718  4417 E gsdv    : java.io.IOException: Unable to create parent directories of /data/user/0/com.google.android.gms/files/mobstore_salt.pb.lock
01-20 12:05:21.505  2718  4417 E gsdv    : 	at gnkk.b(:com.google.android.gms@254730035@25.47.30 (260400-833691957):41)
01-20 12:05:21.505  2718  4417 E gsdv    : 	at fwmg.e(:com.google.android.gms@254730035@25.47.30 (260400-833691957):5)
01-20 12:05:21.505  2718  4417 E gsdv    : 	at fwoz.a(:com.google.android.gms@254730035@25.47.30 (260400-833691957):198)
01-20 12:05:21.505  2718  4417 E gsdv    : 	at fwlm.d(:com.google.android.gms@254730035@25.47.30 (260400-833691957):5)
01-20 12:05:21.505  2718  4417 E gsdv    : 	at fwqz.a(:com.google.android.gms@254730035@25.47.30 (260400-833691957):19)
01-20 12:05:21.505  2718  4417 E gsdv    : 	at gjqg.a(:com.google.android.gms@254730035@25.47.30 (260400-833691957):13)
01-20 12:05:21.505  2718  4417 E gsdv    : 	at gsfk.a(:com.google.android.gms@254730035@25.47.30 (260400-833691957):20)
01-20 12:05:21.505  2718  4417 E gsdv    : 	at gsho.a(:com.google.android.gms@254730035@25.47.30 (260400-833691957):3)
01-20 12:05:21.505  2718  4417 E gsdv    : 	at gsgp.run(:com.google.android.gms@254730035@25.47.30 (260400-833691957):19)
01-20 12:05:21.505  2718  4417 E gsdv    : 	at gshq.run(:com.google.android.gms@254730035@25.47.30 (260400-833691957):5)
01-20 12:05:21.505  2718  4417 E gsdv    : 	at gsfm.run(:com.google.android.gms@254730035@25.47.30 (260400-833691957):20)
01-20 12:05:21.505  2718  4417 E gsdv    : 	at java.util.concurrent.ThreadPoolExecutor.runWorker(ThreadPoolExecutor.java:1154)
01-20 12:05:21.505  2718  4417 E gsdv    : 	at java.util.concurrent.ThreadPoolExecutor$Worker.run(ThreadPoolExecutor.java:652)
01-20 12:05:21.505  2718  4417 E gsdv    : 	at java.lang.Thread.run(Thread.java:1563)
01-20 12:05:23.023 11556 11751 E ActivityThread: Failed to find provider info for com.google.android.instantapps.supervisor.SupervisorArchiveProvider
01-20 12:05:23.396  2915  2915 E ChimeraRcvrProxy: com.google.android.gms.backup.GmsBackupStatusChangeReceiver dropping broadcast com.google.gservices.intent.action.GSERVICES_CHANGED
01-20 12:05:23.564  2915 11818 E ActivityThread: Failed to find provider info for subscribedfeeds
01-20 12:05:23.567  2915 11818 E ActivityThread: Failed to find provider info for subscribedfeeds
01-20 12:05:23.633 10259 10259 E logbuffer_pcie0: [  774] OC Initial Status check: 0x5FC(0xf0)
01-20 12:05:24.700  2477  2671 E SatelliteAppTracker: packageName: com.android.vending, value: null
01-20 12:05:24.710  1423  2094 E system_server: No package ID 7f found for resource ID 0x7f0804c8.
01-20 12:05:24.710  1423  2094 E system_server: No package ID 7f found for resource ID 0x7f140bae.
01-20 12:05:24.712  2477  2477 E SmsApplication: com.google.android.apps.messaging lost android:read_cell_broadcasts:  (fixing)
01-20 12:05:24.718  1423  3427 E RoleControllerServiceImpl: Default/fallback role holder package doesn't qualify for the role, package: com.google.android.gms.supervision, role: android.app.role.SYSTEM_SUPERVISION, user: 0
01-20 12:05:24.727  2477  2803 E SmsApplication: com.google.android.apps.messaging lost android:read_cell_broadcasts:  (fixing)
01-20 12:05:24.763  2718 11583 E HetSyncTaskChimeraSvc: Failed to bulk register phenotype registrants [CONTEXT service_id=51 ]
01-20 12:05:24.773  1423  3427 E RoleControllerServiceImpl: Default/fallback role holder package doesn't qualify for the role, package: com.google.android.gms, role: android.app.role.SYSTEM_DEPENDENCY_INSTALLER, user: 0
01-20 12:05:24.906 11412 11468 E Finsky  : [60] [Counters] attempted to use a non-positive increment for: 4752
01-20 12:05:24.913  2490  2599 E perf_hint: createSessionUsingConfig: PerformanceHint cannot create session. Tid2604 from list [2598, 2599, 2604, 2580] doesn't belong to the calling application 10278
01-20 12:05:24.919 11412 11468 E Finsky  : [60] [Counters] attempted to use a non-positive increment for: 4753
01-20 12:05:25.511 11412 11880 E android.vending: No package ID 6a found for resource ID 0x6a0b0013.
01-20 12:05:25.532  2718  4074 E gsdv    : Got more than one input Future failure. Logging failures after the first
01-20 12:05:25.532  2718  4074 E gsdv    : java.io.IOException: Unable to create parent directories of /data/user/0/com.google.android.gms/files/mobstore_salt.pb.lock
01-20 12:05:25.532  2718  4074 E gsdv    : 	at gnkk.b(:com.google.android.gms@254730035@25.47.30 (260400-833691957):41)
01-20 12:05:25.532  2718  4074 E gsdv    : 	at fwmg.e(:com.google.android.gms@254730035@25.47.30 (260400-833691957):5)
01-20 12:05:25.532  2718  4074 E gsdv    : 	at fwoz.a(:com.google.android.gms@254730035@25.47.30 (260400-833691957):198)
01-20 12:05:25.532  2718  4074 E gsdv    : 	at fwlm.d(:com.google.android.gms@254730035@25.47.30 (260400-833691957):5)
01-20 12:05:25.532  2718  4074 E gsdv    : 	at fwqz.a(:com.google.android.gms@254730035@25.47.30 (260400-833691957):19)
01-20 12:05:25.532  2718  4074 E gsdv    : 	at gjqg.a(:com.google.android.gms@254730035@25.47.30 (260400-833691957):13)
01-20 12:05:25.532  2718  4074 E gsdv    : 	at gsfk.a(:com.google.android.gms@254730035@25.47.30 (260400-833691957):20)
01-20 12:05:25.532  2718  4074 E gsdv    : 	at gsho.a(:com.google.android.gms@254730035@25.47.30 (260400-833691957):3)
01-20 12:05:25.532  2718  4074 E gsdv    : 	at gsgp.run(:com.google.android.gms@254730035@25.47.30 (260400-833691957):19)
01-20 12:05:25.532  2718  4074 E gsdv    : 	at gshq.run(:com.google.android.gms@254730035@25.47.30 (260400-833691957):5)
01-20 12:05:25.532  2718  4074 E gsdv    : 	at gsfm.run(:com.google.android.gms@254730035@25.47.30 (260400-833691957):20)
01-20 12:05:25.532  2718  4074 E gsdv    : 	at java.util.concurrent.ThreadPoolExecutor.runWorker(ThreadPoolExecutor.java:1154)
01-20 12:05:25.532  2718  4074 E gsdv    : 	at java.util.concurrent.ThreadPoolExecutor$Worker.run(ThreadPoolExecutor.java:652)
01-20 12:05:25.532  2718  4074 E gsdv    : 	at java.lang.Thread.run(Thread.java:1563)
01-20 12:05:25.533  2718  4074 E gsdv    : Got more than one input Future failure. Logging failures after the first
01-20 12:05:25.533  2718  4074 E gsdv    : java.io.IOException: Unable to create parent directories of /data/user/0/com.google.android.gms/files/mobstore_salt.pb.lock
01-20 12:05:25.533  2718  4074 E gsdv    : 	at gnkk.b(:com.google.android.gms@254730035@25.47.30 (260400-833691957):41)
01-20 12:05:25.533  2718  4074 E gsdv    : 	at fwmg.e(:com.google.android.gms@254730035@25.47.30 (260400-833691957):5)
01-20 12:05:25.533  2718  4074 E gsdv    : 	at fwoz.a(:com.google.android.gms@254730035@25.47.30 (260400-833691957):198)
01-20 12:05:25.533  2718  4074 E gsdv    : 	at fwlm.d(:com.google.android.gms@254730035@25.47.30 (260400-833691957):5)
01-20 12:05:25.533  2718  4074 E gsdv    : 	at fwqz.a(:com.google.android.gms@254730035@25.47.30 (260400-833691957):19)
01-20 12:05:25.533  2718  4074 E gsdv    : 	at gjqg.a(:com.google.android.gms@254730035@25.47.30 (260400-833691957):13)
01-20 12:05:25.533  2718  4074 E gsdv    : 	at gsfk.a(:com.google.android.gms@254730035@25.47.30 (260400-833691957):20)
01-20 12:05:25.533  2718  4074 E gsdv    : 	at gsho.a(:com.google.android.gms@254730035@25.47.30 (260400-833691957):3)
01-20 12:05:25.533  2718  4074 E gsdv    : 	at gsgp.run(:com.google.android.gms@254730035@25.47.30 (260400-833691957):19)
01-20 12:05:25.533  2718  4074 E gsdv    : 	at gshq.run(:com.google.android.gms@254730035@25.47.30 (260400-833691957):5)
01-20 12:05:25.533  2718  4074 E gsdv    : 	at gsfm.run(:com.google.android.gms@254730035@25.47.30 (260400-833691957):20)
01-20 12:05:25.533  2718  4074 E gsdv    : 	at java.util.concurrent.ThreadPoolExecutor.runWorker(ThreadPoolExecutor.java:1154)
01-20 12:05:25.533  2718  4074 E gsdv    : 	at java.util.concurrent.ThreadPoolExecutor$Worker.run(ThreadPoolExecutor.java:652)
01-20 12:05:25.533  2718  4074 E gsdv    : 	at java.lang.Thread.run(Thread.java:1563)
01-20 12:05:25.534  2718  4074 E gsdv    : Got more than one input Future failure. Logging failures after the first
01-20 12:05:25.534  2718  4074 E gsdv    : java.io.IOException: Unable to create parent directories of /data/user/0/com.google.android.gms/files/mobstore_salt.pb.lock
01-20 12:05:25.534  2718  4074 E gsdv    : 	at gnkk.b(:com.google.android.gms@254730035@25.47.30 (260400-833691957):41)
01-20 12:05:25.534  2718  4074 E gsdv    : 	at fwmg.e(:com.google.android.gms@254730035@25.47.30 (260400-833691957):5)
01-20 12:05:25.534  2718  4074 E gsdv    : 	at fwoz.a(:com.google.android.gms@254730035@25.47.30 (260400-833691957):198)
01-20 12:05:25.534  2718  4074 E gsdv    : 	at fwlm.d(:com.google.android.gms@254730035@25.47.30 (260400-833691957):5)
01-20 12:05:25.534  2718  4074 E gsdv    : 	at fwqz.a(:com.google.android.gms@254730035@25.47.30 (260400-833691957):19)
01-20 12:05:25.534  2718  4074 E gsdv    : 	at gjqg.a(:com.google.android.gms@254730035@25.47.30 (260400-833691957):13)
01-20 12:05:25.534  2718  4074 E gsdv    : 	at gsfk.a(:com.google.android.gms@254730035@25.47.30 (260400-833691957):20)
01-20 12:05:25.534  2718  4074 E gsdv    : 	at gsho.a(:com.google.android.gms@254730035@25.47.30 (260400-833691957):3)
01-20 12:05:25.534  2718  4074 E gsdv    : 	at gsgp.run(:com.google.android.gms@254730035@25.47.30 (260400-833691957):19)
01-20 12:05:25.534  2718  4074 E gsdv    : 	at gshq.run(:com.google.android.gms@254730035@25.47.30 (260400-833691957):5)
01-20 12:05:25.534  2718  4074 E gsdv    : 	at gsfm.run(:com.google.android.gms@254730035@25.47.30 (260400-833691957):20)
01-20 12:05:25.534  2718  4074 E gsdv    : 	at java.util.concurrent.ThreadPoolExecutor.runWorker(ThreadPoolExecutor.java:1154)
01-20 12:05:25.534  2718  4074 E gsdv    : 	at java.util.concurrent.ThreadPoolExecutor$Worker.run(ThreadPoolExecutor.java:652)
01-20 12:05:25.534  2718  4074 E gsdv    : 	at java.lang.Thread.run(Thread.java:1563)
01-20 12:05:26.321 11412 11471 E AbstractLogEventBuilder: The provided ProductIdOrigin 3 is not one of the process-level expected values: 1 or 2
